Component: ARM Compiler 5.06 update 6 (build 750) Tool: armlink [4d35ed]

==============================================================================

Section Cross References

    main.o(i.OtherDevice) refers to mpu6050.o(i.MPU_Init) for MPU_Init
    main.o(i.OtherDevice) refers to dht11.o(i.DHT11_Init) for DHT11_Init
    main.o(i.ReceiveCommand) refers to drv_si4463.o(i.SI446x_Interrupt_Status) for SI446x_Interrupt_Status
    main.o(i.ReceiveCommand) refers to drv_si4463.o(i.SI446x_Read_Packet) for SI446x_Read_Packet
    main.o(i.ReceiveCommand) refers to printf8.o(i.__0printf$8) for __2printf
    main.o(i.ReceiveCommand) refers to drv_uart.o(i.drv_uart_tx_bytes) for drv_uart_tx_bytes
    main.o(i.ReceiveCommand) refers to drv_si4463.o(i.SI446x_Change_Status) for SI446x_Change_Status
    main.o(i.ReceiveCommand) refers to drv_si4463.o(i.SI446x_Get_Device_Status) for SI446x_Get_Device_Status
    main.o(i.ReceiveCommand) refers to drv_si4463.o(i.SI446x_Start_Rx) for SI446x_Start_Rx
    main.o(i.ReceiveCommand) refers to drv_si4463.o(i.SI446x_Init) for SI446x_Init
    main.o(i.ReceiveCommand) refers to drv_delay.o(i.drv_delay_ms) for drv_delay_ms
    main.o(i.ReceiveCommand) refers to delay.o(i.delay_us) for delay_us
    main.o(i.ReceiveCommand) refers to stm32f10x_gpio.o(i.GPIO_ResetBits) for GPIO_ResetBits
    main.o(i.ReceiveCommand) refers to main.o(.bss) for g_SI4463ItStatus
    main.o(i.ReceiveCommand) refers to main.o(.data) for i
    main.o(i.TIM4_IRQHandler) refers to stm32f10x_tim.o(i.TIM_GetITStatus) for TIM_GetITStatus
    main.o(i.TIM4_IRQHandler) refers to printf8.o(i.__0printf$8) for __2printf
    main.o(i.TIM4_IRQHandler) refers to delay.o(i.delay_us) for delay_us
    main.o(i.TIM4_IRQHandler) refers to main.o(i.changeDirection) for changeDirection
    main.o(i.TIM4_IRQHandler) refers to stm32f10x_tim.o(i.TIM_ClearITPendingBit) for TIM_ClearITPendingBit
    main.o(i.TIM4_IRQHandler) refers to main.o(.data) for count
    main.o(i.TIM5_IRQHandler) refers to stm32f10x_tim.o(i.TIM_GetITStatus) for TIM_GetITStatus
    main.o(i.TIM5_IRQHandler) refers to dht11.o(i.DHT11_Read_Data) for DHT11_Read_Data
    main.o(i.TIM5_IRQHandler) refers to printf8.o(i.__0printf$8) for __2printf
    main.o(i.TIM5_IRQHandler) refers to inv_mpu.o(i.mpu_dmp_get_data) for mpu_dmp_get_data
    main.o(i.TIM5_IRQHandler) refers to mpu6050.o(i.MPU_Get_Temperature) for MPU_Get_Temperature
    main.o(i.TIM5_IRQHandler) refers to mpu6050.o(i.MPU_Get_Accelerometer) for MPU_Get_Accelerometer
    main.o(i.TIM5_IRQHandler) refers to mpu6050.o(i.MPU_Get_Gyroscope) for MPU_Get_Gyroscope
    main.o(i.TIM5_IRQHandler) refers to fmul.o(.text) for __aeabi_fmul
    main.o(i.TIM5_IRQHandler) refers to ffixi.o(.text) for __aeabi_f2iz
    main.o(i.TIM5_IRQHandler) refers to main.o(i.usart1_report_imu) for usart1_report_imu
    main.o(i.TIM5_IRQHandler) refers to delay.o(i.delay_ms) for delay_ms
    main.o(i.TIM5_IRQHandler) refers to stm32f10x_tim.o(i.TIM_ClearITPendingBit) for TIM_ClearITPendingBit
    main.o(i.TIM5_IRQHandler) refers to main.o(.data) for sds
    main.o(i.baseInit) refers to drv_uart.o(i.drv_uart_init) for drv_uart_init
    main.o(i.baseInit) refers to drv_delay.o(i.drv_delay_init) for drv_delay_init
    main.o(i.baseInit) refers to delay.o(i.delay_init) for delay_init
    main.o(i.baseInit) refers to drv_led.o(i.drv_led_init) for drv_led_init
    main.o(i.baseInit) refers to misc.o(i.NVIC_PriorityGroupConfig) for NVIC_PriorityGroupConfig
    main.o(i.changeDirection) refers to stm32f10x_tim.o(i.TIM_SetCompare3) for TIM_SetCompare3
    main.o(i.changeDirection) refers to stm32f10x_gpio.o(i.GPIO_ResetBits) for GPIO_ResetBits
    main.o(i.changeDirection) refers to stm32f10x_gpio.o(i.GPIO_SetBits) for GPIO_SetBits
    main.o(i.main) refers to main.o(i.baseInit) for baseInit
    main.o(i.main) refers to printf8.o(i.__0printf$8) for __2printf
    main.o(i.main) refers to main.o(i.newsReportInit) for newsReportInit
    main.o(i.main) refers to main.o(i.pca9685Init) for pca9685Init
    main.o(i.main) refers to malloc.o(i.malloc) for malloc
    main.o(i.main) refers to main.o(i.Send_Data_stru_Init) for Send_Data_stru_Init
    main.o(i.main) refers to dht11.o(i.DHT11_Init) for DHT11_Init
    main.o(i.main) refers to inv_mpu.o(i.mpu_dmp_init) for mpu_dmp_init
    main.o(i.main) refers to main.o(i.ReceiveCommand) for ReceiveCommand
    main.o(i.main) refers to main.o(i.changeDirection) for changeDirection
    main.o(i.main) refers to timer.o(i.TIM4_PWM_Init) for TIM4_PWM_Init
    main.o(i.main) refers to main.o(.data) for flag
    main.o(i.newsReportInit) refers to drv_spi.o(i.drv_spi_init) for drv_spi_init
    main.o(i.newsReportInit) refers to drv_si4463.o(i.SI446x_Init) for SI446x_Init
    main.o(i.pca9685Init) refers to myiic.o(i.IIC_Init) for IIC_Init
    main.o(i.pca9685Init) refers to myiic.o(i.IIC_Start) for IIC_Start
[...]
    i.SysTick_CLKSourceConfig                0x08001d74   Section        0  misc.o(i.SysTick_CLKSourceConfig)
    i.SysTick_Handler                        0x08001d9c   Section        0  stm32f10x_it.o(i.SysTick_Handler)
    i.SystemInit                             0x08001da0   Section        0  system_stm32f10x.o(i.SystemInit)
    i.TIM2_IRQHandler                        0x08001e00   Section        0  encoder.o(i.TIM2_IRQHandler)
    i.TIM4_IRQHandler                        0x08001e28   Section        0  main.o(i.TIM4_IRQHandler)
    i.TIM4_PWM_Init                          0x08001ed4   Section        0  timer.o(i.TIM4_PWM_Init)
    i.TIM5_IRQHandler                        0x08001f98   Section        0  main.o(i.TIM5_IRQHandler)
    i.TIM_ARRPreloadConfig                   0x08002108   Section        0  stm32f10x_tim.o(i.TIM_ARRPreloadConfig)
    i.TIM_ClearFlag                          0x08002120   Section        0  stm32f10x_tim.o(i.TIM_ClearFlag)
    i.TIM_ClearITPendingBit                  0x08002126   Section        0  stm32f10x_tim.o(i.TIM_ClearITPendingBit)
    i.TIM_Cmd                                0x0800212c   Section        0  stm32f10x_tim.o(i.TIM_Cmd)
    i.TIM_GetFlagStatus                      0x08002144   Section        0  stm32f10x_tim.o(i.TIM_GetFlagStatus)
    i.TIM_GetITStatus                        0x08002156   Section        0  stm32f10x_tim.o(i.TIM_GetITStatus)
    i.TIM_ITConfig                           0x08002178   Section        0  stm32f10x_tim.o(i.TIM_ITConfig)
    i.TIM_OC3Init                            0x0800218c   Section        0  stm32f10x_tim.o(i.TIM_OC3Init)
    i.TIM_OC3PreloadConfig                   0x0800222c   Section        0  stm32f10x_tim.o(i.TIM_OC3PreloadConfig)
    i.TIM_OC4Init                            0x08002240   Section        0  stm32f10x_tim.o(i.TIM_OC4Init)
    i.TIM_OC4PreloadConfig                   0x080022bc   Section        0  stm32f10x_tim.o(i.TIM_OC4PreloadConfig)
    i.TIM_SetCompare3                        0x080022d6   Section        0  stm32f10x_tim.o(i.TIM_SetCompare3)
    i.TIM_SetCounter                         0x080022da   Section        0  stm32f10x_tim.o(i.TIM_SetCounter)
    i.TIM_TimeBaseInit                       0x080022e0   Section        0  stm32f10x_tim.o(i.TIM_TimeBaseInit)
    i.USART_Cmd                              0x08002384   Section        0  stm32f10x_usart.o(i.USART_Cmd)
    i.USART_DeInit                           0x0800239c   Section        0  stm32f10x_usart.o(i.USART_DeInit)
    i.USART_GetFlagStatus                    0x08002438   Section        0  stm32f10x_usart.o(i.USART_GetFlagStatus)
    i.USART_Init                             0x08002454   Section        0  stm32f10x_usart.o(i.USART_Init)
    i.UsageFault_Handler                     0x0800252c   Section        0  stm32f10x_it.o(i.UsageFault_Handler)
    i.__0printf$8                            0x08002530   Section        0  printf8.o(i.__0printf$8)
    i.__ARM_fpclassify                       0x08002550   Section        0  fpclassify.o(i.__ARM_fpclassify)
    i.__kernel_poly                          0x08002578   Section        0  poly.o(i.__kernel_poly)
    i.__mathlib_dbl_infnan                   0x08002622   Section        0  dunder.o(i.__mathlib_dbl_infnan)
    i.__mathlib_dbl_infnan2                  0x08002628   Section        0  dunder.o(i.__mathlib_dbl_infnan2)
    i.__mathlib_dbl_invalid                  0x0800262c   Section        0  dunder.o(i.__mathlib_dbl_invalid)
    i.__mathlib_dbl_underflow                0x08002638   Section        0  dunder.o(i.__mathlib_dbl_underflow)
    i.__scatterload_copy                     0x08002648   Section       14  handlers.o(i.__scatterload_copy)
    i.__scatterload_null                     0x08002656   Section        2  handlers.o(i.__scatterload_null)
    i.__scatterload_zeroinit                 0x08002658   Section       14  handlers.o(i.__scatterload_zeroinit)
    i.__set_errno                            0x08002668   Section        0  errno.o(i.__set_errno)
    i._printf_core                           0x08002674   Section        0  printf8.o(i._printf_core)
    _printf_core                             0x08002675   Thumb Code   996  printf8.o(i._printf_core)
    i._printf_post_padding                   0x08002a84   Section        0  printf8.o(i._printf_post_padding)
    _printf_post_padding                     0x08002a85   Thumb Code    36  printf8.o(i._printf_post_padding)
    i._printf_pre_padding                    0x08002aa8   Section        0  printf8.o(i._printf_pre_padding)
    _printf_pre_padding                      0x08002aa9   Thumb Code    46  printf8.o(i._printf_pre_padding)
    i.accel_self_test                        0x08002ad8   Section        0  inv_mpu.o(i.accel_self_test)
    accel_self_test                          0x08002ad9   Thumb Code   164  inv_mpu.o(i.accel_self_test)
    i.asin                                   0x08002b80   Section        0  asin.o(i.asin)
    i.atan                                   0x08002df0   Section        0  atan.o(i.atan)
    i.atan2                                  0x08003010   Section        0  atan2.o(i.atan2)
    i.baseInit                               0x08003190   Section        0  main.o(i.baseInit)
    i.changeDirection                        0x080031b0   Section        0  main.o(i.changeDirection)
    i.decode_gesture                         0x080031f4   Section        0  inv_mpu_dmp_motion_driver.o(i.decode_gesture)
    decode_gesture                           0x080031f5   Thumb Code    94  inv_mpu_dmp_motion_driver.o(i.decode_gesture)
    i.delay_init                             0x08003258   Section        0  delay.o(i.delay_init)
    i.delay_ms                               0x0800329c   Section        0  delay.o(i.delay_ms)
    i.delay_us                               0x080032e8   Section        0  delay.o(i.delay_us)
    i.dmp_enable_6x_lp_quat                  0x08003334   Section        0  inv_mpu_dmp_motion_driver.o(i.dmp_enable_6x_lp_quat)
    i.dmp_enable_feature                     0x08003370   Section        0  inv_mpu_dmp_motion_driver.o(i.dmp_enable_feature)
    i.dmp_enable_gyro_cal                    0x0800358c   Section        0  inv_mpu_dmp_motion_driver.o(i.dmp_enable_gyro_cal)
    i.dmp_enable_lp_quat                     0x080035e4   Section        0  inv_mpu_dmp_motion_driver.o(i.dmp_enable_lp_quat)
    i.dmp_load_motion_driver_firmware        0x08003620   Section        0  inv_mpu_dmp_motion_driver.o(i.dmp_load_motion_driver_firmware)
    i.dmp_read_fifo                          0x08003638   Section        0  inv_mpu_dmp_motion_driver.o(i.dmp_read_fifo)
    i.dmp_set_accel_bias                     0x08003804   Section        0  inv_mpu_dmp_motion_driver.o(i.dmp_set_accel_bias)
    i.dmp_set_fifo_rate                      0x08003934   Section        0  inv_mpu_dmp_motion_driver.o(i.dmp_set_fifo_rate)
    i.dmp_set_gyro_bias                      0x080039a4   Section        0  inv_mpu_dmp_motion_driver.o(i.dmp_set_gyro_bias)
    i.dmp_set_orientation                    0x08003ad4   Section        0  inv_mpu_dmp_motion_driver.o(i.dmp_set_orientation)
    i.dmp_set_shake_reject_thresh            0x08003c0c   Section        0  inv_mpu_dmp_motion_driver.o(i.dmp_set_shake_reject_thresh)
    i.dmp_set_shake_reject_time              0x08003c44   Section        0  inv_mpu_dmp_motion_driver.o(i.dmp_set_shake_reject_time)
    i.dmp_set_shake_reject_timeout           0x08003c6a   Section        0  inv_mpu_dmp_motion_driver.o(i.dmp_set_shake_reject_timeout)
    i.dmp_set_tap_axes                       0x08003c90   Section        0  inv_mpu_dmp_motion_driver.o(i.dmp_set_tap_axes)
    i.dmp_set_tap_count                      0x08003cd6   Section        0  inv_mpu_dmp_motion_driver.o(i.dmp_set_tap_count)
    i.dmp_set_tap_thresh                     0x08003cfc   Section        0  inv_mpu_dmp_motion_driver.o(i.dmp_set_tap_thresh)
    i.dmp_set_tap_time                       0x08003e9c   Section        0  inv_mpu_dmp_motion_driver.o(i.dmp_set_tap_time)
    i.dmp_set_tap_time_multi                 0x08003ec2   Section        0  inv_mpu_dmp_motion_driver.o(i.dmp_set_tap_time_multi)
    i.drv_delay_init                         0x08003ee8   Section        0  drv_delay.o(i.drv_delay_init)
    i.drv_delay_ms                           0x08003f78   Section        0  drv_delay.o(i.drv_delay_ms)
    i.drv_delay_us                           0x08003fc8   Section        0  drv_delay.o(i.drv_delay_us)
    i.drv_led_init                           0x0800400c   Section        0  drv_led.o(i.drv_led_init)
    i.drv_spi_init                           0x08004058   Section        0  drv_spi.o(i.drv_spi_init)
    i.drv_spi_read_write_byte                0x0800412c   Section        0  drv_spi.o(i.drv_spi_read_write_byte)
    i.drv_uart_init                          0x0800418c   Section        0  drv_uart.o(i.drv_uart_init)
    i.drv_uart_tx_bytes                      0x08004218   Section        0  drv_uart.o(i.drv_uart_tx_bytes)
    i.fputc                                  0x08004248   Section        0  drv_uart.o(i.fputc)
    i.get_accel_prod_shift                   0x08004264   Section        0  inv_mpu.o(i.get_accel_prod_shift)
    get_accel_prod_shift                     0x08004265   Thumb Code   168  inv_mpu.o(i.get_accel_prod_shift)
    i.get_st_biases                          0x08004318   Section        0  inv_mpu.o(i.get_st_biases)
    get_st_biases                            0x08004319   Thumb Code  1132  inv_mpu.o(i.get_st_biases)
    i.gyro_self_test                         0x08004788   Section        0  inv_mpu.o(i.gyro_self_test)
    gyro_self_test                           0x08004789   Thumb Code   256  inv_mpu.o(i.gyro_self_test)
    i.inv_orientation_matrix_to_scalar       0x08004898   Section        0  inv_mpu.o(i.inv_orientation_matrix_to_scalar)
    i.inv_row_2_scale                        0x080048c0   Section        0  inv_mpu.o(i.inv_row_2_scale)
    i.main                                   0x08004910   Section        0  main.o(i.main)
    i.malloc                                 0x08004a38   Section        0  malloc.o(i.malloc)
    i.mget_ms                                0x08004aa4   Section        0  inv_mpu.o(i.mget_ms)
    i.mpu_configure_fifo                     0x08004aa8   Section        0  inv_mpu.o(i.mpu_configure_fifo)
    i.mpu_dmp_get_data                       0x08004b18   Section        0  inv_mpu.o(i.mpu_dmp_get_data)
    i.mpu_dmp_init                           0x08004d3c   Section        0  inv_mpu.o(i.mpu_dmp_init)
    i.mpu_get_accel_fsr                      0x08004ddc   Section        0  inv_mpu.o(i.mpu_get_accel_fsr)
    i.mpu_get_accel_sens                     0x08004e28   Section        0  inv_mpu.o(i.mpu_get_accel_sens)
    i.mpu_get_fifo_config                    0x08004e7c   Section        0  inv_mpu.o(i.mpu_get_fifo_config)
    i.mpu_get_gyro_fsr                       0x08004e8c   Section        0  inv_mpu.o(i.mpu_get_gyro_fsr)
    i.mpu_get_gyro_sens                      0x08004ed0   Section        0  inv_mpu.o(i.mpu_get_gyro_sens)
    i.mpu_get_lpf                            0x08004f20   Section        0  inv_mpu.o(i.mpu_get_lpf)
    i.mpu_get_sample_rate                    0x08004f70   Section        0  inv_mpu.o(i.mpu_get_sample_rate)
    i.mpu_init                               0x08004f90   Section        0  inv_mpu.o(i.mpu_init)
    i.mpu_load_firmware                      0x08005180   Section        0  inv_mpu.o(i.mpu_load_firmware)
    i.mpu_lp_accel_mode                      0x08005238   Section        0  inv_mpu.o(i.mpu_lp_accel_mode)
    i.mpu_read_fifo_stream                   0x08005318   Section        0  inv_mpu.o(i.mpu_read_fifo_stream)
    i.mpu_read_mem                           0x080053d8   Section        0  inv_mpu.o(i.mpu_read_mem)
    i.mpu_reset_fifo                         0x08005458   Section        0  inv_mpu.o(i.mpu_reset_fifo)
    i.mpu_run_self_test                      0x08005620   Section        0  inv_mpu.o(i.mpu_run_self_test)
    i.mpu_set_accel_fsr                      0x0800573c   Section        0  inv_mpu.o(i.mpu_set_accel_fsr)
    i.mpu_set_bypass                         0x080057c0   Section        0  inv_mpu.o(i.mpu_set_bypass)
    i.mpu_set_dmp_state                      0x0800590c   Section        0  inv_mpu.o(i.mpu_set_dmp_state)
    i.mpu_set_gyro_fsr                       0x0800599c   Section        0  inv_mpu.o(i.mpu_set_gyro_fsr)
    i.mpu_set_int_latched                    0x08005a24   Section        0  inv_mpu.o(i.mpu_set_int_latched)
    i.mpu_set_lpf                            0x08005a90   Section        0  inv_mpu.o(i.mpu_set_lpf)
    i.mpu_set_sample_rate                    0x08005b14   Section        0  inv_mpu.o(i.mpu_set_sample_rate)
    i.mpu_set_sensors                        0x08005bb0   Section        0  inv_mpu.o(i.mpu_set_sensors)
    i.mpu_write_mem                          0x08005c80   Section        0  inv_mpu.o(i.mpu_write_mem)
    i.newsReportInit                         0x08005d00   Section        0  main.o(i.newsReportInit)
    i.pca9685Init                            0x08005d0c   Section        0  main.o(i.pca9685Init)
    i.pca_write                              0x08005d20   Section        0  pca9685.o(i.pca_write)
    i.run_self_test                          0x08005d54   Section        0  inv_mpu.o(i.run_self_test)
    i.set_int_enable                         0x08005de8   Section        0  inv_mpu.o(i.set_int_enable)
    set_int_enable                           0x08005de9   Thumb Code   138  inv_mpu.o(i.set_int_enable)
    i.sqrt                                   0x08005e78   Section        0  sqrt.o(i.sqrt)
    i.usart1_report_imu                      0x08005ec4   Section        0  main.o(i.usart1_report_imu)
    .constdata                               0x08005f00   Section       80  inv_mpu.o(.constdata)
    .constdata                               0x08005f50   Section     3062  inv_mpu_dmp_motion_driver.o(.constdata)
    dmp_memory                               0x08005f50   Data        3062  inv_mpu_dmp_motion_driver.o(.constdata)
    .constdata                               0x08006b46   Section      363  drv_si4463.o(.constdata)
    config_table                             0x08006b46   Data         363  drv_si4463.o(.constdata)
    .constdata                               0x08006cb8   Section       80  asin.o(.constdata)
    pS                                       0x08006cb8   Data          48  asin.o(.constdata)
    qS                                       0x08006ce8   Data          32  asin.o(.constdata)
    .constdata                               0x08006d08   Section      152  atan.o(.constdata)
    atanhi                                   0x08006d08   Data          32  atan.o(.constdata)
    atanlo                                   0x08006d28   Data          32  atan.o(.constdata)
    aTodd                                    0x08006d48   Data          40  atan.o(.constdata)
    aTeven                                   0x08006d70   Data          48  atan.o(.constdata)
    .constdata                               0x08006da0   Section        8  qnan.o(.constdata)
    .conststring                             0x08006da8   Section       77  inv_mpu.o(.conststring)
    .data                                    0x20000000   Section       49  main.o(.data)
    .data                                    0x20000034   Section       20  system_stm32f10x.o(.data)
    .data                                    0x20000048   Section        4  delay.o(.data)
    fac_us                                   0x20000048   Data           1  delay.o(.data)
    fac_ms                                   0x2000004a   Data           2  delay.o(.data)
    .data                                    0x2000004c   Section        4  drv_uart.o(.data)
    .data                                    0x20000050   Section       20  stm32f10x_rcc.o(.data)
    APBAHBPrescTable                         0x20000050   Data          16  stm32f10x_rcc.o(.data)
    ADCPrescTable                            0x20000060   Data           4  stm32f10x_rcc.o(.data)
    .data                                    0x20000064   Section       53  inv_mpu.o(.data)
    st                                       0x20000064   Data          44  inv_mpu.o(.data)
    gyro_orientation                         0x20000090   Data           9  inv_mpu.o(.data)
    .data                                    0x2000009c   Section        6  encoder.o(.data)
    .data                                    0x200000a4   Section        4  mvars.o(.data)
    .data                                    0x200000a8   Section        4  mvars.o(.data)
    .data                                    0x200000ac   Section        4  errno.o(.data)
    _errno                                   0x200000ac   Data           4  errno.o(.data)
    .bss                                     0x200000b0   Section      137  main.o(.bss)
    .bss                                     0x2000013c   Section       16  inv_mpu_dmp_motion_driver.o(.bss)
    dmp                                      0x2000013c   Data          16  inv_mpu_dmp_motion_driver.o(.bss)
    HEAP                                     0x20000150   Section      512  startup_stm32f10x_hd.o(HEAP)
    STACK                                    0x20000350   Section     1024  startup_stm32f10x_hd.o(STACK)

    Global Symbols

    Symbol Name                              Value     Ov Type        Size  Object(Section)

    BuildAttributes$$THM_ISAv4$P$D$K$B$S$PE$A:L22UL41UL21$X:L11$S22US41US21$IEEE1$IW$USESV6$~STKCKD$USESV7$~SHL$OTIME$ROPI$IEEEX$EBA8$MICROLIB$REQ8$PRES8$EABIv2 0x00000000   Number         0  anon$$obj.o ABSOLUTE
    __ARM_use_no_argv                        0x00000000   Number         0  main.o ABSOLUTE
    __use_no_errno                           0x00000000   Number         0  useno.o ABSOLUTE
    __use_no_exception_handling              0x00000000   Number         0  useno.o ABSOLUTE
    __use_no_fp                              0x00000000   Number         0  useno.o ABSOLUTE
    __use_no_heap                            0x00000000   Number         0  useno.o ABSOLUTE
    __use_no_heap_region                     0x00000000   Number         0  useno.o ABSOLUTE
    __use_no_semihosting                     0x00000000   Number         0  useno.o ABSOLUTE
    __use_no_semihosting_swi                 0x00000000   Number         0  useno.o ABSOLUTE
    __use_no_signal_handling                 0x00000000   Number         0  useno.o ABSOLUTE
    _printf_a                                0x00000000   Number         0  stubs.o ABSOLUTE
    _printf_c                                0x00000000   Number         0  stubs.o ABSOLUTE
    _printf_charcount                        0x00000000   Number         0  stubs.o ABSOLUTE
    _printf_d                                0x00000000   Number         0  stubs.o ABSOLUTE
    _printf_e                                0x00000000   Number         0  stubs.o ABSOLUTE
    _printf_f                                0x00000000   Number         0  stubs.o ABSOLUTE
    _printf_flags                            0x00000000   Number         0  stubs.o ABSOLUTE
    _printf_fp_dec                           0x00000000   Number         0  stubs.o ABSOLUTE
    _printf_fp_hex                           0x00000000   Number         0  stubs.o ABSOLUTE
    _printf_g                                0x00000000   Number         0  stubs.o ABSOLUTE
    _printf_i                                0x00000000   Number         0  stubs.o ABSOLUTE
    _printf_int_dec                          0x00000000   Number         0  stubs.o ABSOLUTE
    _printf_l                                0x00000000   Number         0  stubs.o ABSOLUTE
    _printf_lc                               0x00000000   Number         0  stubs.o ABSOLUTE
    _printf_ll                               0x00000000   Number         0  stubs.o ABSOLUTE
    _printf_lld                              0x00000000   Number         0  stubs.o ABSOLUTE
    _printf_lli                              0x00000000   Number         0  stubs.o ABSOLUTE
    _printf_llo                              0x00000000   Number         0  stubs.o ABSOLUTE
    _printf_llu                              0x00000000   Number         0  stubs.o ABSOLUTE
    _printf_llx                              0x00000000   Number         0  stubs.o ABSOLUTE
    _printf_longlong_dec                     0x00000000   Number         0  stubs.o ABSOLUTE
    _printf_longlong_hex                     0x00000000   Number         0  stubs.o ABSOLUTE
    _printf_longlong_oct                     0x00000000   Number         0  stubs.o ABSOLUTE
    _printf_ls                               0x00000000   Number         0  stubs.o ABSOLUTE
    _printf_mbtowc                           0x00000000   Number         0  stubs.o ABSOLUTE
    _printf_n                                0x00000000   Number         0  stubs.o ABSOLUTE
    _printf_o                                0x00000000   Number         0  stubs.o ABSOLUTE
    _printf_p                                0x00000000   Number         0  stubs.o ABSOLUTE
    _printf_percent                          0x00000000   Number         0  stubs.o ABSOLUTE
    _printf_pre_padding                      0x00000000   Number         0  stubs.o ABSOLUTE
    _printf_return_value                     0x00000000   Number         0  stubs.o ABSOLUTE
    _printf_s                                0x00000000   Number         0  stubs.o ABSOLUTE
    _printf_sizespec                         0x00000000   Number         0  stubs.o ABSOLUTE
    _printf_str                              0x00000000   Number         0  stubs.o ABSOLUTE
    _printf_truncate_signed                  0x00000000   Number         0  stubs.o ABSOLUTE
    _printf_truncate_unsigned                0x00000000   Number         0  stubs.o ABSOLUTE
    _printf_u                                0x00000000   Number         0  stubs.o ABSOLUTE
    _printf_wc                               0x00000000   Number         0  stubs.o ABSOLUTE
    _printf_wctomb                           0x00000000   Number         0  stubs.o ABSOLUTE
    _printf_widthprec                        0x00000000   Number         0  stubs.o ABSOLUTE
    _printf_x                                0x00000000   Number         0  stubs.o ABSOLUTE
    __cpp_initialize__aeabi_                  - Undefined Weak Reference
    __cxa_finalize                            - Undefined Weak Reference
    __decompress                              - Undefined Weak Reference
    _clock_init                               - Undefined Weak Reference
    _microlib_exit                            - Undefined Weak Reference
    __Vectors_Size                           0x00000130   Number         0  startup_stm32f10x_hd.o ABSOLUTE
    __Vectors                                0x08000000   Data           4  startup_stm32f10x_hd.o(RESET)
    __Vectors_End                            0x08000130   Data           0  startup_stm32f10x_hd.o(RESET)
    __main                                   0x08000131   Thumb Code     0  entry.o(.ARM.Collect$$$$00000000)
    _main_stk                                0x08000131   Thumb Code     0  entry2.o(.ARM.Collect$$$$00000001)
    _main_scatterload                        0x08000135   Thumb Code     0  entry5.o(.ARM.Collect$$$$00000004)
    __main_after_scatterload                 0x08000139   Thumb Code     0  entry5.o(.ARM.Collect$$$$00000004)
    _main_clock                              0x08000139   Thumb Code     0  entry7b.o(.ARM.Collect$$$$00000008)
    _main_cpp_init                           0x08000139   Thumb Code     0  entry8b.o(.ARM.Collect$$$$0000000A)
    _main_init                               0x08000139   Thumb Code     0  entry9a.o(.ARM.Collect$$$$0000000B)
    __rt_final_cpp                           0x08000141   Thumb Code     0  entry10a.o(.ARM.Collect$$$$0000000D)
    __rt_final_exit                          0x08000141   Thumb Code     0  entry11a.o(.ARM.Collect$$$$0000000F)
    Reset_Handler                            0x08000145   Thumb Code     8  startup_stm32f10x_hd.o(.text)
    ADC1_2_IRQHandler                        0x0800015f   Thumb Code     0  startup_stm32f10x_hd.o(.text)
    ADC3_IRQHandler                          0x0800015f   Thumb Code     0  startup_stm32f10x_hd.o(.text)
    CAN1_RX1_IRQHandler                      0x0800015f   Thumb Code     0  startup_stm32f10x_hd.o(.text)
    CAN1_SCE_IRQHandler                      0x0800015f   Thumb Code     0  startup_stm32f10x_hd.o(.text)
    DMA1_Channel1_IRQHandler                 0x0800015f   Thumb Code     0  startup_stm32f10x_hd.o(.text)
    DMA1_Channel2_IRQHandler                 0x0800015f   Thumb Code     0  startup_stm32f10x_hd.o(.text)
    DMA1_Channel3_IRQHandler                 0x0800015f   Thumb Code     0  startup_stm32f10x_hd.o(.text)
    DMA1_Channel4_IRQHandler                 0x0800015f   Thumb Code     0  startup_stm32f10x_hd.o(.text)
    DMA1_Channel5_IRQHandler                 0x0800015f   Thumb Code     0  startup_stm32f10x_hd.o(.text)
    DMA1_Channel6_IRQHandler                 0x0800015f   Thumb Code     0  startup_stm32f10x_hd.o(.text)
    DMA1_Channel7_IRQHandler                 0x0800015f   Thumb Code     0  startup_stm32f10x_hd.o(.text)
    DMA2_Channel1_IRQHandler                 0x0800015f   Thumb Code     0  startup_stm32f10x_hd.o(.text)
    DMA2_Channel2_IRQHandler                 0x0800015f   Thumb Code     0  startup_stm32f10x_hd.o(.text)
    DMA2_Channel3_IRQHandler                 0x0800015f   Thumb Code     0  startup_stm32f10x_hd.o(.text)
    DMA2_Channel4_5_IRQHandler               0x0800015f   Thumb Code     0  startup_stm32f10x_hd.o(.text)
    EXTI0_IRQHandler                         0x0800015f   Thumb Code     0  startup_stm32f10x_hd.o(.text)
    EXTI15_10_IRQHandler                     0x0800015f   Thumb Code     0  startup_stm32f10x_hd.o(.text)
    EXTI1_IRQHandler                         0x0800015f   Thumb Code     0  startup_stm32f10x_hd.o(.text)
    EXTI2_IRQHandler                         0x0800015f   Thumb Code     0  startup_stm32f10x_hd.o(.text)
    EXTI3_IRQHandler                         0x0800015f   Thumb Code     0  startup_stm32f10x_hd.o(.text)
    EXTI4_IRQHandler                         0x0800015f   Thumb Code     0  startup_stm32f10x_hd.o(.text)
    EXTI9_5_IRQHandler                       0x0800015f   Thumb Code     0  startup_stm32f10x_hd.o(.text)
    FLASH_IRQHandler                         0x0800015f   Thumb Code     0  startup_stm32f10x_hd.o(.text)
    FSMC_IRQHandler                          0x0800015f   Thumb Code     0  startup_stm32f10x_hd.o(.text)
    I2C1_ER_IRQHandler                       0x0800015f   Thumb Code     0  startup_stm32f10x_hd.o(.text)
    I2C1_EV_IRQHandler                       0x0800015f   Thumb Code     0  startup_stm32f10x_hd.o(.text)
    I2C2_ER_IRQHandler                       0x0800015f   Thumb Code     0  startup_stm32f10x_hd.o(.text)
    I2C2_EV_IRQHandler                       0x0800015f   Thumb Code     0  startup_stm32f10x_hd.o(.text)
    PVD_IRQHandler                           0x0800015f   Thumb Code     0  startup_stm32f10x_hd.o(.text)
    RCC_IRQHandler                           0x0800015f   Thumb Code     0  startup_stm32f10x_hd.o(.text)
    RTCAlarm_IRQHandler                      0x0800015f   Thumb Code     0  startup_stm32f10x_hd.o(.text)
    RTC_IRQHandler                           0x0800015f   Thumb Code     0  startup_stm32f10x_hd.o(.text)
    SDIO_IRQHandler                          0x0800015f   Thumb Code     0  startup_stm32f10x_hd.o(.text)
    SPI1_IRQHandler                          0x0800015f   Thumb Code     0  startup_stm32f10x_hd.o(.text)
    SPI2_IRQHandler                          0x0800015f   Thumb Code     0  startup_stm32f10x_hd.o(.text)
    SPI3_IRQHandler                          0x0800015f   Thumb Code     0  startup_stm32f10x_hd.o(.text)
    TAMPER_IRQHandler                        0x0800015f   Thumb Code     0  startup_stm32f10x_hd.o(.text)
    TIM1_BRK_IRQHandler                      0x0800015f   Thumb Code     0  startup_stm32f10x_hd.o(.text)
    TIM1_CC_IRQHandler                       0x0800015f   Thumb Code     0  startup_stm32f10x_hd.o(.text)
    TIM1_TRG_COM_IRQHandler                  0x0800015f   Thumb Code     0  startup_stm32f10x_hd.o(.text)
    TIM1_UP_IRQHandler                       0x0800015f   Thumb Code     0  startup_stm32f10x_hd.o(.text)
    TIM3_IRQHandler                          0x0800015f   Thumb Code     0  startup_stm32f10x_hd.o(.text)
    TIM6_IRQHandler                          0x0800015f   Thumb Code     0  startup_stm32f10x_hd.o(.text)
    TIM7_IRQHandler                          0x0800015f   Thumb Code     0  startup_stm32f10x_hd.o(.text)
    TIM8_BRK_IRQHandler                      0x0800015f   Thumb Code     0  startup_stm32f10x_hd.o(.text)
    TIM8_CC_IRQHandler                       0x0800015f   Thumb Code     0  startup_stm32f10x_hd.o(.text)
    TIM8_TRG_COM_IRQHandler                  0x0800015f   Thumb Code     0  startup_stm32f10x_hd.o(.text)
    TIM8_UP_IRQHandler                       0x0800015f   Thumb Code     0  startup_stm32f10x_hd.o(.text)
    UART4_IRQHandler                         0x0800015f   Thumb Code     0  startup_stm32f10x_hd.o(.text)
    UART5_IRQHandler                         0x0800015f   Thumb Code     0  startup_stm32f10x_hd.o(.text)
    USART1_IRQHandler                        0x0800015f   Thumb Code     0  startup_stm32f10x_hd.o(.text)
    USART2_IRQHandler                        0x0800015f   Thumb Code     0  startup_stm32f10x_hd.o(.text)
    USART3_IRQHandler                        0x0800015f   Thumb Code     0  startup_stm32f10x_hd.o(.text)
    USBWakeUp_IRQHandler                     0x0800015f   Thumb Code     0  startup_stm32f10x_hd.o(.text)
    USB_HP_CAN1_TX_IRQHandler                0x0800015f   Thumb Code     0  startup_stm32f10x_hd.o(.text)
    USB_LP_CAN1_RX0_IRQHandler               0x0800015f   Thumb Code     0  startup_stm32f10x_hd.o(.text)
    WWDG_IRQHandler                          0x0800015f   Thumb Code     0  startup_stm32f10x_hd.o(.text)
    __aeabi_ldivmod                          0x08000169   Thumb Code    98  ldiv.o(.text)
    __aeabi_memset                           0x080001cb   Thumb Code    14  memseta.o(.text)
    __aeabi_memset4                          0x080001cb   Thumb Code     0  memseta.o(.text)
    __aeabi_memset8                          0x080001cb   Thumb Code     0  memseta.o(.text)
    __aeabi_memclr                           0x080001d9   Thumb Code     4  memseta.o(.text)
    __aeabi_memclr4                          0x080001d9   Thumb Code     0  memseta.o(.text)
    __aeabi_memclr8                          0x080001d9   Thumb Code     0  memseta.o(.text)
    _memset$wrapper                          0x080001dd   Thumb Code    18  memseta.o(.text)
    memcmp                                   0x080001ef   Thumb Code    26  memcmp.o(.text)
    __aeabi_fadd                             0x08000209   Thumb Code   164  fadd.o(.text)
    __aeabi_fsub                             0x080002ad   Thumb Code     6  fadd.o(.text)
    __aeabi_frsub                            0x080002b3   Thumb Code     6  fadd.o(.text)
    __aeabi_fmul                             0x080002b9   Thumb Code   100  fmul.o(.text)
    __aeabi_fdiv                             0x0800031d   Thumb Code   124  fdiv.o(.text)
    __aeabi_dadd                             0x08000399   Thumb Code   322  dadd.o(.text)
    __aeabi_dsub                             0x080004db   Thumb Code     6  dadd.o(.text)
    __aeabi_drsub                            0x080004e1   Thumb Code     6  dadd.o(.text)
    __aeabi_dmul                             0x080004e7   Thumb Code   228  dmul.o(.text)
    __aeabi_ddiv                             0x080005cb   Thumb Code   222  ddiv.o(.text)
    __aeabi_i2f                              0x080006a9   Thumb Code    18  fflti.o(.text)
    __aeabi_ui2f                             0x080006bb   Thumb Code    10  ffltui.o(.text)
    __aeabi_i2d                              0x080006c5   Thumb Code    34  dflti.o(.text)
    __aeabi_f2iz                             0x080006e7   Thumb Code    50  ffixi.o(.text)
    __aeabi_f2uiz                            0x08000719   Thumb Code    40  ffixui.o(.text)
    __aeabi_f2d                              0x08000741   Thumb Code    38  f2d.o(.text)
    __aeabi_d2f                              0x08000767   Thumb Code    56  d2f.o(.text)
    __aeabi_cfcmpeq                          0x080007a1   Thumb Code     0  cfcmple.o(.text)
    __aeabi_cfcmple                          0x080007a1   Thumb Code    20  cfcmple.o(.text)
    __aeabi_cfrcmple                         0x080007b5   Thumb Code    20  cfrcmple.o(.text)
    __aeabi_uldivmod                         0x080007c9   Thumb Code    98  uldiv.o(.text)
    __aeabi_llsl                             0x0800082b   Thumb Code    30  llshl.o(.text)
    _ll_shift_l                              0x0800082b   Thumb Code     0  llshl.o(.text)
    __aeabi_llsr                             0x08000849   Thumb Code    32  llushr.o(.text)
    _ll_ushift_r                             0x08000849   Thumb Code     0  llushr.o(.text)
    __aeabi_lasr                             0x08000869   Thumb Code    36  llsshr.o(.text)
    _ll_sshift_r                             0x08000869   Thumb Code     0  llsshr.o(.text)
    __I$use$fp                               0x0800088d   Thumb Code     0  iusefp.o(.text)
    _float_round                             0x0800088d   Thumb Code    18  fepilogue.o(.text)
    _float_epilogue                          0x0800089f   Thumb Code    92  fepilogue.o(.text)
    _double_round                            0x080008fb   Thumb Code    30  depilogue.o(.text)
    _double_epilogue                         0x08000919   Thumb Code   156  depilogue.o(.text)
    __ARM_scalbn                             0x080009b5   Thumb Code    46  dscalb.o(.text)
    scalbn                                   0x080009b5   Thumb Code     0  dscalb.o(.text)
    __scatterload                            0x080009e5   Thumb Code    28  init.o(.text)
    __scatterload_rt2                        0x080009e5   Thumb Code     0  init.o(.text)
    _dsqrt                                   0x08000a09   Thumb Code   162  dsqrt.o(.text)
    BusFault_Handler                         0x08000aab   Thumb Code     4  stm32f10x_it.o(i.BusFault_Handler)
    DHT11_Check                              0x08000ab1   Thumb Code    92  dht11.o(i.DHT11_Check)
    DHT11_Init                               0x08000b15   Thumb Code    58  dht11.o(i.DHT11_Init)
    DHT11_Read_Bit                           0x08000b55   Thumb Code    70  dht11.o(i.DHT11_Read_Bit)
    DHT11_Read_Byte                          0x08000ba1   Thumb Code    30  dht11.o(i.DHT11_Read_Byte)
    DHT11_Read_Data                          0x08000bbf   Thumb Code    88  dht11.o(i.DHT11_Read_Data)
    DHT11_Rst                                0x08000c19   Thumb Code    52  dht11.o(i.DHT11_Rst)
    DebugMon_Handler                         0x08000c59   Thumb Code     2  stm32f10x_it.o(i.DebugMon_Handler)
    GPIO_Init                                0x08000c5b   Thumb Code   278  stm32f10x_gpio.o(i.GPIO_Init)
    GPIO_ResetBits                           0x08000d71   Thumb Code     4  stm32f10x_gpio.o(i.GPIO_ResetBits)
    GPIO_SetBits                             0x08000d75   Thumb Code     4  stm32f10x_gpio.o(i.GPIO_SetBits)
    HardFault_Handler                        0x08000d79   Thumb Code     4  stm32f10x_it.o(i.HardFault_Handler)
    I2C_Cmd                                  0x08000d7d   Thumb Code    24  stm32f10x_i2c.o(i.I2C_Cmd)
    IIC_Init                                 0x08000d95   Thumb Code    66  myiic.o(i.IIC_Init)
    IIC_Send_Byte                            0x08000de1   Thumb Code   104  myiic.o(i.IIC_Send_Byte)
    IIC_Start                                0x08000e55   Thumb Code    64  myiic.o(i.IIC_Start)
    IIC_Stop                                 0x08000ea1   Thumb Code    62  myiic.o(i.IIC_Stop)
    IIC_Wait_Ack                             0x08000eed   Thumb Code    86  myiic.o(i.IIC_Wait_Ack)
    MPU_Get_Accelerometer                    0x08000f51   Thumb Code    80  mpu6050.o(i.MPU_Get_Accelerometer)
    MPU_Get_Gyroscope                        0x08000fa1   Thumb Code    80  mpu6050.o(i.MPU_Get_Gyroscope)
    MPU_Get_Temperature                      0x08000ff1   Thumb Code    86  mpu6050.o(i.MPU_Get_Temperature)
    MPU_IIC_Ack                              0x08001059   Thumb Code    62  mpuiic.o(i.MPU_IIC_Ack)
    MPU_IIC_Delay                            0x080010a5   Thumb Code    10  mpuiic.o(i.MPU_IIC_Delay)
    MPU_IIC_Init                             0x080010b1   Thumb Code    70  mpuiic.o(i.MPU_IIC_Init)
    MPU_IIC_NAck                             0x08001105   Thumb Code    62  mpuiic.o(i.MPU_IIC_NAck)
    MPU_IIC_Read_Byte                        0x08001151   Thumb Code    94  mpuiic.o(i.MPU_IIC_Read_Byte)
    MPU_IIC_Send_Byte                        0x080011bd   Thumb Code    80  mpuiic.o(i.MPU_IIC_Send_Byte)
    MPU_IIC_Start                            0x08001219   Thumb Code    60  mpuiic.o(i.MPU_IIC_Start)
    MPU_IIC_Stop                             0x08001261   Thumb Code    58  mpuiic.o(i.MPU_IIC_Stop)
    MPU_IIC_Wait_Ack                         0x080012a9   Thumb Code    86  mpuiic.o(i.MPU_IIC_Wait_Ack)
    MPU_Read_Len                             0x0800130d   Thumb Code   116  mpu6050.o(i.MPU_Read_Len)
    MPU_Write_Len                            0x08001381   Thumb Code    96  mpu6050.o(i.MPU_Write_Len)
    MemManage_Handler                        0x080013e1   Thumb Code     4  stm32f10x_it.o(i.MemManage_Handler)
    NMI_Handler                              0x080013e5   Thumb Code     2  stm32f10x_it.o(i.NMI_Handler)
    NVIC_Init                                0x080013e9   Thumb Code   100  misc.o(i.NVIC_Init)
    NVIC_PriorityGroupConfig                 0x08001459   Thumb Code    10  misc.o(i.NVIC_PriorityGroupConfig)
    PendSV_Handler                           0x0800146d   Thumb Code     2  stm32f10x_it.o(i.PendSV_Handler)
    RCC_APB1PeriphClockCmd                   0x08001471   Thumb Code    26  stm32f10x_rcc.o(i.RCC_APB1PeriphClockCmd)
    RCC_APB1PeriphResetCmd                   0x08001491   Thumb Code    26  stm32f10x_rcc.o(i.RCC_APB1PeriphResetCmd)
    RCC_APB2PeriphClockCmd                   0x080014b1   Thumb Code    26  stm32f10x_rcc.o(i.RCC_APB2PeriphClockCmd)
    RCC_APB2PeriphResetCmd                   0x080014d1   Thumb Code    26  stm32f10x_rcc.o(i.RCC_APB2PeriphResetCmd)
    RCC_GetClocksFreq                        0x080014f1   Thumb Code   192  stm32f10x_rcc.o(i.RCC_GetClocksFreq)
    ReceiveCommand                           0x080015c5   Thumb Code   246  main.o(i.ReceiveCommand)
    SI446x_Change_Status                     0x080016fd   Thumb Code    28  drv_si4463.o(i.SI446x_Change_Status)
    SI446x_Config_Gpio                       0x08001719   Thumb Code    82  drv_si4463.o(i.SI446x_Config_Gpio)
    SI446x_Config_Init                       0x0800176d   Thumb Code   182  drv_si4463.o(i.SI446x_Config_Init)
    SI446x_Get_Device_Status                 0x08001829   Thumb Code    38  drv_si4463.o(i.SI446x_Get_Device_Status)
    SI446x_Gpio_Init                         0x08001851   Thumb Code   130  drv_si4463.o(i.SI446x_Gpio_Init)
    SI446x_Init                              0x080018dd   Thumb Code    62  drv_si4463.o(i.SI446x_Init)
    SI446x_Interrupt_Status                  0x08001921   Thumb Code    46  drv_si4463.o(i.SI446x_Interrupt_Status)
    SI446x_Power_Up                          0x0800194f   Thumb Code    62  drv_si4463.o(i.SI446x_Power_Up)
    SI446x_Read_Packet                       0x0800198d   Thumb Code    78  drv_si4463.o(i.SI446x_Read_Packet)
    SI446x_Read_Response                     0x080019e1   Thumb Code    64  drv_si4463.o(i.SI446x_Read_Response)
    SI446x_Reset                             0x08001a25   Thumb Code    46  drv_si4463.o(i.SI446x_Reset)
    SI446x_Reset_RxFifo                      0x08001a5d   Thumb Code    28  drv_si4463.o(i.SI446x_Reset_RxFifo)
    SI446x_Reset_TxFifo                      0x08001a79   Thumb Code    28  drv_si4463.o(i.SI446x_Reset_TxFifo)
    SI446x_Set_Power                         0x08001a95   Thumb Code    16  drv_si4463.o(i.SI446x_Set_Power)
    SI446x_Set_Property_1                    0x08001aa5   Thumb Code    50  drv_si4463.o(i.SI446x_Set_Property_1)
    SI446x_Start_Rx                          0x08001ad7   Thumb Code    80  drv_si4463.o(i.SI446x_Start_Rx)
    SI446x_Wait_Cts                          0x08001b29   Thumb Code    70  drv_si4463.o(i.SI446x_Wait_Cts)
    SI446x_Write_Cmds                        0x08001b75   Thumb Code    56  drv_si4463.o(i.SI446x_Write_Cmds)
    SPI_Cmd                                  0x08001bb1   Thumb Code    24  stm32f10x_spi.o(i.SPI_Cmd)
    SPI_I2S_DeInit                           0x08001bc9   Thumb Code    76  stm32f10x_spi.o(i.SPI_I2S_DeInit)
    SPI_I2S_GetFlagStatus                    0x08001c21   Thumb Code    18  stm32f10x_spi.o(i.SPI_I2S_GetFlagStatus)
    SPI_Init                                 0x08001c33   Thumb Code    60  stm32f10x_spi.o(i.SPI_Init)
    SVC_Handler                              0x08001c6f   Thumb Code     2  stm32f10x_it.o(i.SVC_Handler)
    Send_Data_stru_Init                      0x08001c71   Thumb Code    26  main.o(i.Send_Data_stru_Init)
    SysTick_CLKSourceConfig                  0x08001d75   Thumb Code    40  misc.o(i.SysTick_CLKSourceConfig)
    SysTick_Handler                          0x08001d9d   Thumb Code     2  stm32f10x_it.o(i.SysTick_Handler)
    SystemInit                               0x08001da1   Thumb Code    78  system_stm32f10x.o(i.SystemInit)
    TIM2_IRQHandler                          0x08001e01   Thumb Code    34  encoder.o(i.TIM2_IRQHandler)
    TIM4_IRQHandler                          0x08001e29   Thumb Code   138  main.o(i.TIM4_IRQHandler)
    TIM4_PWM_Init                            0x08001ed5   Thumb Code   186  timer.o(i.TIM4_PWM_Init)
    TIM5_IRQHandler                          0x08001f99   Thumb Code   260  main.o(i.TIM5_IRQHandler)
    TIM_ARRPreloadConfig                     0x08002109   Thumb Code    24  stm32f10x_tim.o(i.TIM_ARRPreloadConfig)
    TIM_ClearFlag                            0x08002121   Thumb Code     6  stm32f10x_tim.o(i.TIM_ClearFlag)
    TIM_ClearITPendingBit                    0x08002127   Thumb Code     6  stm32f10x_tim.o(i.TIM_ClearITPendingBit)
    TIM_Cmd                                  0x0800212d   Thumb Code    24  stm32f10x_tim.o(i.TIM_Cmd)
    TIM_GetFlagStatus                        0x08002145   Thumb Code    18  stm32f10x_tim.o(i.TIM_GetFlagStatus)
    TIM_GetITStatus                          0x08002157   Thumb Code    34  stm32f10x_tim.o(i.TIM_GetITStatus)
    TIM_ITConfig                             0x08002179   Thumb Code    18  stm32f10x_tim.o(i.TIM_ITConfig)
    TIM_OC3Init                              0x0800218d   Thumb Code   150  stm32f10x_tim.o(i.TIM_OC3Init)
    TIM_OC3PreloadConfig                     0x0800222d   Thumb Code    18  stm32f10x_tim.o(i.TIM_OC3PreloadConfig)
    TIM_OC4Init                              0x08002241   Thumb Code   114  stm32f10x_tim.o(i.TIM_OC4Init)
    TIM_OC4PreloadConfig                     0x080022bd   Thumb Code    26  stm32f10x_tim.o(i.TIM_OC4PreloadConfig)
    TIM_SetCompare3                          0x080022d7   Thumb Code     4  stm32f10x_tim.o(i.TIM_SetCompare3)
    TIM_SetCounter                           0x080022db   Thumb Code     4  stm32f10x_tim.o(i.TIM_SetCounter)
    TIM_TimeBaseInit                         0x080022e1   Thumb Code   122  stm32f10x_tim.o(i.TIM_TimeBaseInit)
    USART_Cmd                                0x08002385   Thumb Code    24  stm32f10x_usart.o(i.USART_Cmd)
    USART_DeInit                             0x0800239d   Thumb Code   134  stm32f10x_usart.o(i.USART_DeInit)
    USART_GetFlagStatus                      0x08002439   Thumb Code    26  stm32f10x_usart.o(i.USART_GetFlagStatus)
    USART_Init                               0x08002455   Thumb Code   210  stm32f10x_usart.o(i.USART_Init)
    UsageFault_Handler                       0x0800252d   Thumb Code     4  stm32f10x_it.o(i.UsageFault_Handler)
    __0printf$8                              0x08002531   Thumb Code    22  printf8.o(i.__0printf$8)
    __1printf$8                              0x08002531   Thumb Code     0  printf8.o(i.__0printf$8)
    __2printf                                0x08002531   Thumb Code     0  printf8.o(i.__0printf$8)
    __ARM_fpclassify                         0x08002551   Thumb Code    40  fpclassify.o(i.__ARM_fpclassify)
    __kernel_poly                            0x08002579   Thumb Code   170  poly.o(i.__kernel_poly)
    __mathlib_dbl_infnan                     0x08002623   Thumb Code     6  dunder.o(i.__mathlib_dbl_infnan)
    __mathlib_dbl_infnan2                    0x08002629   Thumb Code     4  dunder.o(i.__mathlib_dbl_infnan2)
    __mathlib_dbl_invalid                    0x0800262d   Thumb Code    12  dunder.o(i.__mathlib_dbl_invalid)
    __mathlib_dbl_underflow                  0x08002639   Thumb Code    10  dunder.o(i.__mathlib_dbl_underflow)
    __scatterload_copy                       0x08002649   Thumb Code    14  handlers.o(i.__scatterload_copy)
    __scatterload_null                       0x08002657   Thumb Code     2  handlers.o(i.__scatterload_null)
    __scatterload_zeroinit                   0x08002659   Thumb Code    14  handlers.o(i.__scatterload_zeroinit)
    __set_errno                              0x08002669   Thumb Code     6  errno.o(i.__set_errno)
    asin                                     0x08002b81   Thumb Code   572  asin.o(i.asin)
    atan                                     0x08002df1   Thumb Code   474  atan.o(i.atan)
    atan2                                    0x08003011   Thumb Code   346  atan2.o(i.atan2)
    baseInit                                 0x08003191   Thumb Code    32  main.o(i.baseInit)
    changeDirection                          0x080031b1   Thumb Code    58  main.o(i.changeDirection)
    delay_init                               0x08003259   Thumb Code    50  delay.o(i.delay_init)
    delay_ms                                 0x0800329d   Thumb Code    72  delay.o(i.delay_ms)
    delay_us                                 0x080032e9   Thumb Code    72  delay.o(i.delay_us)
    dmp_enable_6x_lp_quat                    0x08003335   Thumb Code    60  inv_mpu_dmp_motion_driver.o(i.dmp_enable_6x_lp_quat)
    dmp_enable_feature                       0x08003371   Thumb Code   530  inv_mpu_dmp_motion_driver.o(i.dmp_enable_feature)
    dmp_enable_gyro_cal                      0x0800358d   Thumb Code    62  inv_mpu_dmp_motion_driver.o(i.dmp_enable_gyro_cal)
    dmp_enable_lp_quat                       0x080035e5   Thumb Code    60  inv_mpu_dmp_motion_driver.o(i.dmp_enable_lp_quat)
    dmp_load_motion_driver_firmware          0x08003621   Thumb Code    20  inv_mpu_dmp_motion_driver.o(i.dmp_load_motion_driver_firmware)
    dmp_read_fifo                            0x08003639   Thumb Code   456  inv_mpu_dmp_motion_driver.o(i.dmp_read_fifo)
    dmp_set_accel_bias                       0x08003805   Thumb Code   300  inv_mpu_dmp_motion_driver.o(i.dmp_set_accel_bias)
    dmp_set_fifo_rate                        0x08003935   Thumb Code    96  inv_mpu_dmp_motion_driver.o(i.dmp_set_fifo_rate)
    dmp_set_gyro_bias                        0x080039a5   Thumb Code   294  inv_mpu_dmp_motion_driver.o(i.dmp_set_gyro_bias)
    dmp_set_orientation                      0x08003ad5   Thumb Code   290  inv_mpu_dmp_motion_driver.o(i.dmp_set_orientation)
    dmp_set_shake_reject_thresh              0x08003c0d   Thumb Code    56  inv_mpu_dmp_motion_driver.o(i.dmp_set_shake_reject_thresh)
    dmp_set_shake_reject_time                0x08003c45   Thumb Code    38  inv_mpu_dmp_motion_driver.o(i.dmp_set_shake_reject_time)
    dmp_set_shake_reject_timeout             0x08003c6b   Thumb Code    38  inv_mpu_dmp_motion_driver.o(i.dmp_set_shake_reject_timeout)
    dmp_set_tap_axes                         0x08003c91   Thumb Code    70  inv_mpu_dmp_motion_driver.o(i.dmp_set_tap_axes)
    dmp_set_tap_count                        0x08003cd7   Thumb Code    38  inv_mpu_dmp_motion_driver.o(i.dmp_set_tap_count)
    dmp_set_tap_thresh                       0x08003cfd   Thumb Code   396  inv_mpu_dmp_motion_driver.o(i.dmp_set_tap_thresh)
    dmp_set_tap_time                         0x08003e9d   Thumb Code    38  inv_mpu_dmp_motion_driver.o(i.dmp_set_tap_time)
    dmp_set_tap_time_multi                   0x08003ec3   Thumb Code    38  inv_mpu_dmp_motion_driver.o(i.dmp_set_tap_time_multi)
    drv_delay_init                           0x08003ee9   Thumb Code   138  drv_delay.o(i.drv_delay_init)
    drv_delay_ms                             0x08003f79   Thumb Code    80  drv_delay.o(i.drv_delay_ms)
    drv_delay_us                             0x08003fc9   Thumb Code    68  drv_delay.o(i.drv_delay_us)
    drv_led_init                             0x0800400d   Thumb Code    68  drv_led.o(i.drv_led_init)
    drv_spi_init                             0x08004059   Thumb Code   204  drv_spi.o(i.drv_spi_init)
    drv_spi_read_write_byte                  0x0800412d   Thumb Code    90  drv_spi.o(i.drv_spi_read_write_byte)
    drv_uart_init                            0x0800418d   Thumb Code   130  drv_uart.o(i.drv_uart_init)
    drv_uart_tx_bytes                        0x08004219   Thumb Code    44  drv_uart.o(i.drv_uart_tx_bytes)
    fputc                                    0x08004249   Thumb Code    24  drv_uart.o(i.fputc)
    inv_orientation_matrix_to_scalar         0x08004899   Thumb Code    40  inv_mpu.o(i.inv_orientation_matrix_to_scalar)
    inv_row_2_scale                          0x080048c1   Thumb Code    78  inv_mpu.o(i.inv_row_2_scale)
    main                                     0x08004911   Thumb Code   164  main.o(i.main)
    malloc                                   0x08004a39   Thumb Code    92  malloc.o(i.malloc)
    mget_ms                                  0x08004aa5   Thumb Code     2  inv_mpu.o(i.mget_ms)
    mpu_configure_fifo                       0x08004aa9   Thumb Code   106  inv_mpu.o(i.mpu_configure_fifo)
    mpu_dmp_get_data                         0x08004b19   Thumb Code   544  inv_mpu.o(i.mpu_dmp_get_data)
    mpu_dmp_init                             0x08004d3d   Thumb Code   154  inv_mpu.o(i.mpu_dmp_init)
    mpu_get_accel_fsr                        0x08004ddd   Thumb Code    72  inv_mpu.o(i.mpu_get_accel_fsr)
    mpu_get_accel_sens                       0x08004e29   Thumb Code    78  inv_mpu.o(i.mpu_get_accel_sens)
    mpu_get_fifo_config                      0x08004e7d   Thumb Code    12  inv_mpu.o(i.mpu_get_fifo_config)
    mpu_get_gyro_fsr                         0x08004e8d   Thumb Code    64  inv_mpu.o(i.mpu_get_gyro_fsr)
    mpu_get_gyro_sens                        0x08004ed1   Thumb Code    58  inv_mpu.o(i.mpu_get_gyro_sens)
    mpu_get_lpf                              0x08004f21   Thumb Code    74  inv_mpu.o(i.mpu_get_lpf)
    mpu_get_sample_rate                      0x08004f71   Thumb Code    26  inv_mpu.o(i.mpu_get_sample_rate)
    mpu_init                                 0x08004f91   Thumb Code   416  inv_mpu.o(i.mpu_init)
    mpu_load_firmware                        0x08005181   Thumb Code   180  inv_mpu.o(i.mpu_load_firmware)
    mpu_lp_accel_mode                        0x08005239   Thumb Code   218  inv_mpu.o(i.mpu_lp_accel_mode)
    mpu_read_fifo_stream                     0x08005319   Thumb Code   186  inv_mpu.o(i.mpu_read_fifo_stream)
    mpu_read_mem                             0x080053d9   Thumb Code   122  inv_mpu.o(i.mpu_read_mem)
    mpu_reset_fifo                           0x08005459   Thumb Code   450  inv_mpu.o(i.mpu_reset_fifo)
    mpu_run_self_test                        0x08005621   Thumb Code   278  inv_mpu.o(i.mpu_run_self_test)
    mpu_set_accel_fsr                        0x0800573d   Thumb Code   126  inv_mpu.o(i.mpu_set_accel_fsr)
    mpu_set_bypass                           0x080057c1   Thumb Code   328  inv_mpu.o(i.mpu_set_bypass)
    mpu_set_dmp_state                        0x0800590d   Thumb Code   138  inv_mpu.o(i.mpu_set_dmp_state)
    mpu_set_gyro_fsr                         0x0800599d   Thumb Code   132  inv_mpu.o(i.mpu_set_gyro_fsr)
    mpu_set_int_latched                      0x08005a25   Thumb Code   102  inv_mpu.o(i.mpu_set_int_latched)
    mpu_set_lpf                              0x08005a91   Thumb Code   126  inv_mpu.o(i.mpu_set_lpf)
    mpu_set_sample_rate                      0x08005b15   Thumb Code   152  inv_mpu.o(i.mpu_set_sample_rate)
    mpu_set_sensors                          0x08005bb1   Thumb Code   202  inv_mpu.o(i.mpu_set_sensors)
    mpu_write_mem                            0x08005c81   Thumb Code   122  inv_mpu.o(i.mpu_write_mem)
    newsReportInit                           0x08005d01   Thumb Code    12  main.o(i.newsReportInit)
    pca9685Init                              0x08005d0d   Thumb Code    20  main.o(i.pca9685Init)
    pca_write                                0x08005d21   Thumb Code    52  pca9685.o(i.pca_write)
    run_self_test                            0x08005d55   Thumb Code   148  inv_mpu.o(i.run_self_test)
    sqrt                                     0x08005e79   Thumb Code    76  sqrt.o(i.sqrt)
    usart1_report_imu                        0x08005ec5   Thumb Code    60  main.o(i.usart1_report_imu)
    reg                                      0x08005f00   Data          27  inv_mpu.o(.constdata)
    hw                                       0x08005f1c   Data          12  inv_mpu.o(.constdata)
    test                                     0x08005f28   Data          40  inv_mpu.o(.constdata)
    __mathlib_zero                           0x08006da0   Data           8  qnan.o(.constdata)
    Region$$Table$$Base                      0x08006df8   Number         0  anon$$obj.o(Region$$Table)
    Region$$Table$$Limit                     0x08006e18   Number         0  anon$$obj.o(Region$$Table)
    sds                                      0x20000000   Data           4  main.o(.data)
    count                                    0x20000004   Data           4  main.o(.data)
    flag                                     0x20000008   Data           1  main.o(.data)
    frequency                                0x20000009   Data           1  main.o(.data)
    i                                        0x2000000a   Data           2  main.o(.data)
    g_UartRxFlag                             0x2000000c   Data           1  main.o(.data)
    temp                                     0x2000000d   Data           1  main.o(.data)
    command                                  0x20000010   Data           4  main.o(.data)
    isRun                                    0x20000014   Data           1  main.o(.data)
    t                                        0x20000015   Data           1  main.o(.data)
    report                                   0x20000016   Data           1  main.o(.data)
    key                                      0x20000017   Data           1  main.o(.data)
    pitch                                    0x20000018   Data           4  main.o(.data)
    roll                                     0x2000001c   Data           4  main.o(.data)
    yaw                                      0x20000020   Data           4  main.o(.data)
    aacx                                     0x20000024   Data           2  main.o(.data)
    aacy                                     0x20000026   Data           2  main.o(.data)
    aacz                                     0x20000028   Data           2  main.o(.data)
    gyrox                                    0x2000002a   Data           2  main.o(.data)
    gyroy                                    0x2000002c   Data           2  main.o(.data)
    gyroz                                    0x2000002e   Data           2  main.o(.data)
    res                                      0x20000030   Data           1  main.o(.data)
    SystemCoreClock                          0x20000034   Data           4  system_stm32f10x.o(.data)
    AHBPrescTable                            0x20000038   Data          16  system_stm32f10x.o(.data)
    __stdout                                 0x2000004c   Data           4  drv_uart.o(.data)
    Encoder_Timer_Overflow                   0x2000009c   Data           4  encoder.o(.data)
    Previous_Count                           0x200000a0   Data           2  encoder.o(.data)
    __microlib_freelist                      0x200000a4   Data           4  mvars.o(.data)
    __microlib_freelist_initialised          0x200000a8   Data           4  mvars.o(.data)
    g_UartRxBuffer                           0x200000b0   Data          64  main.o(.bss)
    g_SI4463ItStatus                         0x200000f0   Data           9  main.o(.bss)
    g_SI4463RxBuffer                         0x200000f9   Data          64  main.o(.bss)
    __heap_base                              0x20000150   Data           0  startup_stm32f10x_hd.o(HEAP)
    __heap_limit                             0x20000350   Data           0  startup_stm32f10x_hd.o(HEAP)
    __initial_sp                             0x20000750   Data           0  startup_stm32f10x_hd.o(STACK)



==============================================================================

Memory Map of the image

  Image Entry point : 0x08000145

  Load Region LR_1 (Base: 0x08000000, Size: 0x00006ec8, Max: 0xffffffff, ABSOLUTE)

    Execution Region ER_RO (Exec base: 0x08000000, Load base: 0x08000000, Size: 0x00006e18, Max: 0xffffffff, ABSOLUTE)

    Exec Addr    Load Addr    Size         Type   Attr      Idx    E Section Name        Object

    0x08000000   0x08000000   0x00000130   Data   RO          540    RESET               startup_stm32f10x_hd.o
    0x08000130   0x08000130   0x00000000   Code   RO         4615  * .ARM.Collect$$$$00000000  mc_w.l(entry.o)
    0x08000130   0x08000130   0x00000004   Code   RO         4986    .ARM.Collect$$$$00000001  mc_w.l(entry2.o)
    0x08000134   0x08000134   0x00000004   Code   RO         4989    .ARM.Collect$$$$00000004  mc_w.l(entry5.o)
    0x08000138   0x08000138   0x00000000   Code   RO         4991    .ARM.Collect$$$$00000008  mc_w.l(entry7b.o)
    0x08000138   0x08000138   0x00000000   Code   RO         4993    .ARM.Collect$$$$0000000A  mc_w.l(entry8b.o)
    0x08000138   0x08000138   0x00000008   Code   RO         4994    .ARM.Collect$$$$0000000B  mc_w.l(entry9a.o)
    0x08000140   0x08000140   0x00000000   Code   RO         4996    .ARM.Collect$$$$0000000D  mc_w.l(entry10a.o)
    0x08000140   0x08000140   0x00000000   Code   RO         4998    .ARM.Collect$$$$0000000F  mc_w.l(entry11a.o)
    0x08000140   0x08000140   0x00000004   Code   RO         4987    .ARM.Collect$$$$00002712  mc_w.l(entry2.o)
    0x08000144   0x08000144   0x00000024   Code   RO          541  * .text               startup_stm32f10x_hd.o
    0x08000168   0x08000168   0x00000062   Code   RO         4618    .text               mc_w.l(ldiv.o)
    0x080001ca   0x080001ca   0x00000024   Code   RO         4620    .text               mc_w.l(memseta.o)
    0x080001ee   0x080001ee   0x0000001a   Code   RO         4622    .text               mc_w.l(memcmp.o)
    0x08000208   0x08000208   0x000000b0   Code   RO         4913    .text               mf_w.l(fadd.o)
    0x080002b8   0x080002b8   0x00000064   Code   RO         4915    .text               mf_w.l(fmul.o)
    0x0800031c   0x0800031c   0x0000007c   Code   RO         4917    .text               mf_w.l(fdiv.o)
    0x08000398   0x08000398   0x0000014e   Code   RO         4919    .text               mf_w.l(dadd.o)
    0x080004e6   0x080004e6   0x000000e4   Code   RO         4921    .text               mf_w.l(dmul.o)
    0x080005ca   0x080005ca   0x000000de   Code   RO         4923    .text               mf_w.l(ddiv.o)
    0x080006a8   0x080006a8   0x00000012   Code   RO         4925    .text               mf_w.l(fflti.o)
    0x080006ba   0x080006ba   0x0000000a   Code   RO         4927    .text               mf_w.l(ffltui.o)
    0x080006c4   0x080006c4   0x00000022   Code   RO         4929    .text               mf_w.l(dflti.o)
    0x080006e6   0x080006e6   0x00000032   Code   RO         4933    .text               mf_w.l(ffixi.o)
    0x08000718   0x08000718   0x00000028   Code   RO         4935    .text               mf_w.l(ffixui.o)
    0x08000740   0x08000740   0x00000026   Code   RO         4941    .text               mf_w.l(f2d.o)
    0x08000766   0x08000766   0x00000038   Code   RO         4943    .text               mf_w.l(d2f.o)
    0x0800079e   0x0800079e   0x00000002   PAD
    0x080007a0   0x080007a0   0x00000014   Code   RO         4945    .text               mf_w.l(cfcmple.o)
    0x080007b4   0x080007b4   0x00000014   Code   RO         4947    .text               mf_w.l(cfrcmple.o)
    0x080007c8   0x080007c8   0x00000062   Code   RO         5002    .text               mc_w.l(uldiv.o)
    0x0800082a   0x0800082a   0x0000001e   Code   RO         5004    .text               mc_w.l(llshl.o)
    0x08000848   0x08000848   0x00000020   Code   RO         5006    .text               mc_w.l(llushr.o)
    0x08000868   0x08000868   0x00000024   Code   RO         5008    .text               mc_w.l(llsshr.o)
    0x0800088c   0x0800088c   0x00000000   Code   RO         5023    .text               mc_w.l(iusefp.o)
    0x0800088c   0x0800088c   0x0000006e   Code   RO         5024    .text               mf_w.l(fepilogue.o)
    0x080008fa   0x080008fa   0x000000ba   Code   RO         5026    .text               mf_w.l(depilogue.o)
    0x080009b4   0x080009b4   0x0000002e   Code   RO         5028    .text               mf_w.l(dscalb.o)
    0x080009e2   0x080009e2   0x00000002   PAD
    0x080009e4   0x080009e4   0x00000024   Code   RO         5034    .text               mc_w.l(init.o)
    0x08000a08   0x08000a08   0x000000a2   Code   RO         5036    .text               mf_w.l(dsqrt.o)
    0x08000aaa   0x08000aaa   0x00000004   Code   RO          235    i.BusFault_Handler  stm32f10x_it.o
    0x08000aae   0x08000aae   0x00000002   PAD
    0x08000ab0   0x08000ab0   0x00000064   Code   RO         3530    i.DHT11_Check       dht11.o
    0x08000b14   0x08000b14   0x00000040   Code   RO         3531    i.DHT11_Init        dht11.o
    0x08000b54   0x08000b54   0x0000004c   Code   RO         3532    i.DHT11_Read_Bit    dht11.o
    0x08000ba0   0x08000ba0   0x0000001e   Code   RO         3533    i.DHT11_Read_Byte   dht11.o
    0x08000bbe   0x08000bbe   0x00000058   Code   RO         3534    i.DHT11_Read_Data   dht11.o
    0x08000c16   0x08000c16   0x00000002   PAD
    0x08000c18   0x08000c18   0x00000040   Code   RO         3535    i.DHT11_Rst         dht11.o
    0x08000c58   0x08000c58   0x00000002   Code   RO          236    i.DebugMon_Handler  stm32f10x_it.o
    0x08000c5a   0x08000c5a   0x00000116   Code   RO         1696    i.GPIO_Init         stm32f10x_gpio.o
    0x08000d70   0x08000d70   0x00000004   Code   RO         1703    i.GPIO_ResetBits    stm32f10x_gpio.o
    0x08000d74   0x08000d74   0x00000004   Code   RO         1704    i.GPIO_SetBits      stm32f10x_gpio.o
    0x08000d78   0x08000d78   0x00000004   Code   RO          237    i.HardFault_Handler  stm32f10x_it.o
    0x08000d7c   0x08000d7c   0x00000018   Code   RO         1810    i.I2C_Cmd           stm32f10x_i2c.o
    0x08000d94   0x08000d94   0x0000004c   Code   RO         4528    i.IIC_Init          myiic.o
    0x08000de0   0x08000de0   0x00000074   Code   RO         4531    i.IIC_Send_Byte     myiic.o
    0x08000e54   0x08000e54   0x0000004c   Code   RO         4532    i.IIC_Start         myiic.o
    0x08000ea0   0x08000ea0   0x0000004c   Code   RO         4533    i.IIC_Stop          myiic.o
    0x08000eec   0x08000eec   0x00000064   Code   RO         4534    i.IIC_Wait_Ack      myiic.o
    0x08000f50   0x08000f50   0x00000050   Code   RO         3602    i.MPU_Get_Accelerometer  mpu6050.o
    0x08000fa0   0x08000fa0   0x00000050   Code   RO         3603    i.MPU_Get_Gyroscope  mpu6050.o
    0x08000ff0   0x08000ff0   0x00000068   Code   RO         3604    i.MPU_Get_Temperature  mpu6050.o
    0x08001058   0x08001058   0x0000004c   Code   RO         3684    i.MPU_IIC_Ack       mpuiic.o
    0x080010a4   0x080010a4   0x0000000a   Code   RO         3685    i.MPU_IIC_Delay     mpuiic.o
    0x080010ae   0x080010ae   0x00000002   PAD
    0x080010b0   0x080010b0   0x00000054   Code   RO         3686    i.MPU_IIC_Init      mpuiic.o
    0x08001104   0x08001104   0x0000004c   Code   RO         3687    i.MPU_IIC_NAck      mpuiic.o
    0x08001150   0x08001150   0x0000006c   Code   RO         3688    i.MPU_IIC_Read_Byte  mpuiic.o
    0x080011bc   0x080011bc   0x0000005c   Code   RO         3689    i.MPU_IIC_Send_Byte  mpuiic.o
    0x08001218   0x08001218   0x00000048   Code   RO         3690    i.MPU_IIC_Start     mpuiic.o
    0x08001260   0x08001260   0x00000048   Code   RO         3691    i.MPU_IIC_Stop      mpuiic.o
    0x080012a8   0x080012a8   0x00000064   Code   RO         3692    i.MPU_IIC_Wait_Ack  mpuiic.o
    0x0800130c   0x0800130c   0x00000074   Code   RO         3607    i.MPU_Read_Len      mpu6050.o
    0x08001380   0x08001380   0x00000060   Code   RO         3613    i.MPU_Write_Len     mpu6050.o
    0x080013e0   0x080013e0   0x00000004   Code   RO          238    i.MemManage_Handler  stm32f10x_it.o
    0x080013e4   0x080013e4   0x00000002   Code   RO          239    i.NMI_Handler       stm32f10x_it.o
    0x080013e6   0x080013e6   0x00000002   PAD
    0x080013e8   0x080013e8   0x00000070   Code   RO          545    i.NVIC_Init         misc.o
    0x08001458   0x08001458   0x00000014   Code   RO          546    i.NVIC_PriorityGroupConfig  misc.o
    0x0800146c   0x0800146c   0x00000002   Code   RO          240    i.PendSV_Handler    stm32f10x_it.o
    0x0800146e   0x0800146e   0x00000002   PAD
    0x08001470   0x08001470   0x00000020   Code   RO         2112    i.RCC_APB1PeriphClockCmd  stm32f10x_rcc.o
    0x08001490   0x08001490   0x00000020   Code   RO         2113    i.RCC_APB1PeriphResetCmd  stm32f10x_rcc.o
    0x080014b0   0x080014b0   0x00000020   Code   RO         2114    i.RCC_APB2PeriphClockCmd  stm32f10x_rcc.o
    0x080014d0   0x080014d0   0x00000020   Code   RO         2115    i.RCC_APB2PeriphResetCmd  stm32f10x_rcc.o
    0x080014f0   0x080014f0   0x000000d4   Code   RO         2122    i.RCC_GetClocksFreq  stm32f10x_rcc.o
    0x080015c4   0x080015c4   0x00000138   Code   RO            2    i.ReceiveCommand    main.o
    0x080016fc   0x080016fc   0x0000001c   Code   RO         4258    i.SI446x_Change_Status  drv_si4463.o
    0x08001718   0x08001718   0x00000052   Code   RO         4259    i.SI446x_Config_Gpio  drv_si4463.o
    0x0800176a   0x0800176a   0x00000002   PAD
    0x0800176c   0x0800176c   0x000000bc   Code   RO         4260    i.SI446x_Config_Init  drv_si4463.o
    0x08001828   0x08001828   0x00000026   Code   RO         4261    i.SI446x_Get_Device_Status  drv_si4463.o
    0x0800184e   0x0800184e   0x00000002   PAD
    0x08001850   0x08001850   0x0000008c   Code   RO         4268    i.SI446x_Gpio_Init  drv_si4463.o
    0x080018dc   0x080018dc   0x00000044   Code   RO         4269    i.SI446x_Init       drv_si4463.o
    0x08001920   0x08001920   0x0000002e   Code   RO         4270    i.SI446x_Interrupt_Status  drv_si4463.o
    0x0800194e   0x0800194e   0x0000003e   Code   RO         4272    i.SI446x_Power_Up   drv_si4463.o
    0x0800198c   0x0800198c   0x00000054   Code   RO         4273    i.SI446x_Read_Packet  drv_si4463.o
    0x080019e0   0x080019e0   0x00000044   Code   RO         4274    i.SI446x_Read_Response  drv_si4463.o
    0x08001a24   0x08001a24   0x00000038   Code   RO         4275    i.SI446x_Reset      drv_si4463.o
    0x08001a5c   0x08001a5c   0x0000001c   Code   RO         4276    i.SI446x_Reset_RxFifo  drv_si4463.o
    0x08001a78   0x08001a78   0x0000001c   Code   RO         4277    i.SI446x_Reset_TxFifo  drv_si4463.o
    0x08001a94   0x08001a94   0x00000010   Code   RO         4279    i.SI446x_Set_Power  drv_si4463.o
    0x08001aa4   0x08001aa4   0x00000032   Code   RO         4281    i.SI446x_Set_Property_1  drv_si4463.o
    0x08001ad6   0x08001ad6   0x00000050   Code   RO         4282    i.SI446x_Start_Rx   drv_si4463.o
    0x08001b26   0x08001b26   0x00000002   PAD
    0x08001b28   0x08001b28   0x0000004c   Code   RO         4284    i.SI446x_Wait_Cts   drv_si4463.o
    0x08001b74   0x08001b74   0x0000003c   Code   RO         4285    i.SI446x_Write_Cmds  drv_si4463.o
    0x08001bb0   0x08001bb0   0x00000018   Code   RO         2591    i.SPI_Cmd           stm32f10x_spi.o
    0x08001bc8   0x08001bc8   0x00000058   Code   RO         2598    i.SPI_I2S_DeInit    stm32f10x_spi.o
    0x08001c20   0x08001c20   0x00000012   Code   RO         2599    i.SPI_I2S_GetFlagStatus  stm32f10x_spi.o
    0x08001c32   0x08001c32   0x0000003c   Code   RO         2604    i.SPI_Init          stm32f10x_spi.o
    0x08001c6e   0x08001c6e   0x00000002   Code   RO          241    i.SVC_Handler       stm32f10x_it.o
    0x08001c70   0x08001c70   0x0000001a   Code   RO            3    i.Send_Data_stru_Init  main.o
    0x08001c8a   0x08001c8a   0x00000008   Code   RO          324    i.SetSysClock       system_stm32f10x.o
    0x08001c92   0x08001c92   0x00000002   PAD
    0x08001c94   0x08001c94   0x000000e0   Code   RO          325    i.SetSysClockTo72   system_stm32f10x.o
    0x08001d74   0x08001d74   0x00000028   Code   RO          549    i.SysTick_CLKSourceConfig  misc.o
    0x08001d9c   0x08001d9c   0x00000002   Code   RO          242    i.SysTick_Handler   stm32f10x_it.o
    0x08001d9e   0x08001d9e   0x00000002   PAD
    0x08001da0   0x08001da0   0x00000060   Code   RO          327    i.SystemInit        system_stm32f10x.o
    0x08001e00   0x08001e00   0x00000028   Code   RO         4464    i.TIM2_IRQHandler   encoder.o
    0x08001e28   0x08001e28   0x000000ac   Code   RO            4    i.TIM4_IRQHandler   main.o
    0x08001ed4   0x08001ed4   0x000000c4   Code   RO          469    i.TIM4_PWM_Init     timer.o
    0x08001f98   0x08001f98   0x00000170   Code   RO            5    i.TIM5_IRQHandler   main.o
    0x08002108   0x08002108   0x00000018   Code   RO         2734    i.TIM_ARRPreloadConfig  stm32f10x_tim.o
    0x08002120   0x08002120   0x00000006   Code   RO         2740    i.TIM_ClearFlag     stm32f10x_tim.o
    0x08002126   0x08002126   0x00000006   Code   RO         2741    i.TIM_ClearITPendingBit  stm32f10x_tim.o
    0x0800212c   0x0800212c   0x00000018   Code   RO         2746    i.TIM_Cmd           stm32f10x_tim.o
    0x08002144   0x08002144   0x00000012   Code   RO         2766    i.TIM_GetFlagStatus  stm32f10x_tim.o
    0x08002156   0x08002156   0x00000022   Code   RO         2767    i.TIM_GetITStatus   stm32f10x_tim.o
    0x08002178   0x08002178   0x00000012   Code   RO         2771    i.TIM_ITConfig      stm32f10x_tim.o
    0x0800218a   0x0800218a   0x00000002   PAD
    0x0800218c   0x0800218c   0x000000a0   Code   RO         2785    i.TIM_OC3Init       stm32f10x_tim.o
    0x0800222c   0x0800222c   0x00000012   Code   RO         2788    i.TIM_OC3PreloadConfig  stm32f10x_tim.o
    0x0800223e   0x0800223e   0x00000002   PAD
    0x08002240   0x08002240   0x0000007c   Code   RO         2790    i.TIM_OC4Init       stm32f10x_tim.o
    0x080022bc   0x080022bc   0x0000001a   Code   RO         2792    i.TIM_OC4PreloadConfig  stm32f10x_tim.o
    0x080022d6   0x080022d6   0x00000004   Code   RO         2809    i.TIM_SetCompare3   stm32f10x_tim.o
    0x080022da   0x080022da   0x00000004   Code   RO         2811    i.TIM_SetCounter    stm32f10x_tim.o
    0x080022de   0x080022de   0x00000002   PAD
    0x080022e0   0x080022e0   0x000000a4   Code   RO         2817    i.TIM_TimeBaseInit  stm32f10x_tim.o
    0x08002384   0x08002384   0x00000018   Code   RO         3282    i.USART_Cmd         stm32f10x_usart.o
    0x0800239c   0x0800239c   0x0000009c   Code   RO         3284    i.USART_DeInit      stm32f10x_usart.o
    0x08002438   0x08002438   0x0000001a   Code   RO         3285    i.USART_GetFlagStatus  stm32f10x_usart.o
    0x08002452   0x08002452   0x00000002   PAD
    0x08002454   0x08002454   0x000000d8   Code   RO         3289    i.USART_Init        stm32f10x_usart.o
    0x0800252c   0x0800252c   0x00000004   Code   RO          243    i.UsageFault_Handler  stm32f10x_it.o
    0x08002530   0x08002530   0x00000020   Code   RO         4831    i.__0printf$8       mc_w.l(printf8.o)
    0x08002550   0x08002550   0x00000028   Code   RO         4973    i.__ARM_fpclassify  m_ws.l(fpclassify.o)
    0x08002578   0x08002578   0x000000aa   Code   RO         4975    i.__kernel_poly     m_ws.l(poly.o)
    0x08002622   0x08002622   0x00000006   Code   RO         4960    i.__mathlib_dbl_infnan  m_ws.l(dunder.o)
    0x08002628   0x08002628   0x00000004   Code   RO         4961    i.__mathlib_dbl_infnan2  m_ws.l(dunder.o)
    0x0800262c   0x0800262c   0x0000000c   Code   RO         4962    i.__mathlib_dbl_invalid  m_ws.l(dunder.o)
    0x08002638   0x08002638   0x00000010   Code   RO         4965    i.__mathlib_dbl_underflow  m_ws.l(dunder.o)
    0x08002648   0x08002648   0x0000000e   Code   RO         5042    i.__scatterload_copy  mc_w.l(handlers.o)
    0x08002656   0x08002656   0x00000002   Code   RO         5043    i.__scatterload_null  mc_w.l(handlers.o)
    0x08002658   0x08002658   0x0000000e   Code   RO         5044    i.__scatterload_zeroinit  mc_w.l(handlers.o)
    0x08002666   0x08002666   0x00000002   PAD
    0x08002668   0x08002668   0x0000000c   Code   RO         5018    i.__set_errno       mc_w.l(errno.o)
    0x08002674   0x08002674   0x00000410   Code   RO         4838    i._printf_core      mc_w.l(printf8.o)
    0x08002a84   0x08002a84   0x00000024   Code   RO         4839    i._printf_post_padding  mc_w.l(printf8.o)
    0x08002aa8   0x08002aa8   0x0000002e   Code   RO         4840    i._printf_pre_padding  mc_w.l(printf8.o)
    0x08002ad6   0x08002ad6   0x00000002   PAD
    0x08002ad8   0x08002ad8   0x000000a8   Code   RO         3744    i.accel_self_test   inv_mpu.o
    0x08002b80   0x08002b80   0x00000270   Code   RO         4594    i.asin              m_ws.l(asin.o)
    0x08002df0   0x08002df0   0x00000220   Code   RO         4950    i.atan              m_ws.l(atan.o)
    0x08003010   0x08003010   0x00000180   Code   RO         4604    i.atan2             m_ws.l(atan2.o)
    0x08003190   0x08003190   0x00000020   Code   RO            6    i.baseInit          main.o
    0x080031b0   0x080031b0   0x00000044   Code   RO            7    i.changeDirection   main.o
    0x080031f4   0x080031f4   0x00000064   Code   RO         4072    i.decode_gesture    inv_mpu_dmp_motion_driver.o
    0x08003258   0x08003258   0x00000044   Code   RO          358    i.delay_init        delay.o
    0x0800329c   0x0800329c   0x0000004c   Code   RO          359    i.delay_ms          delay.o
    0x080032e8   0x080032e8   0x0000004c   Code   RO          360    i.delay_us          delay.o
    0x08003334   0x08003334   0x0000003c   Code   RO         4073    i.dmp_enable_6x_lp_quat  inv_mpu_dmp_motion_driver.o
    0x08003370   0x08003370   0x0000021c   Code   RO         4074    i.dmp_enable_feature  inv_mpu_dmp_motion_driver.o
    0x0800358c   0x0800358c   0x00000058   Code   RO         4075    i.dmp_enable_gyro_cal  inv_mpu_dmp_motion_driver.o
    0x080035e4   0x080035e4   0x0000003c   Code   RO         4076    i.dmp_enable_lp_quat  inv_mpu_dmp_motion_driver.o
    0x08003620   0x08003620   0x00000018   Code   RO         4081    i.dmp_load_motion_driver_firmware  inv_mpu_dmp_motion_driver.o
    0x08003638   0x08003638   0x000001cc   Code   RO         4082    i.dmp_read_fifo     inv_mpu_dmp_motion_driver.o
    0x08003804   0x08003804   0x00000130   Code   RO         4085    i.dmp_set_accel_bias  inv_mpu_dmp_motion_driver.o
    0x08003934   0x08003934   0x00000070   Code   RO         4086    i.dmp_set_fifo_rate  inv_mpu_dmp_motion_driver.o
    0x080039a4   0x080039a4   0x00000130   Code   RO         4087    i.dmp_set_gyro_bias  inv_mpu_dmp_motion_driver.o
    0x08003ad4   0x08003ad4   0x00000138   Code   RO         4089    i.dmp_set_orientation  inv_mpu_dmp_motion_driver.o
    0x08003c0c   0x08003c0c   0x00000038   Code   RO         4092    i.dmp_set_shake_reject_thresh  inv_mpu_dmp_motion_driver.o
    0x08003c44   0x08003c44   0x00000026   Code   RO         4093    i.dmp_set_shake_reject_time  inv_mpu_dmp_motion_driver.o
    0x08003c6a   0x08003c6a   0x00000026   Code   RO         4094    i.dmp_set_shake_reject_timeout  inv_mpu_dmp_motion_driver.o
    0x08003c90   0x08003c90   0x00000046   Code   RO         4095    i.dmp_set_tap_axes  inv_mpu_dmp_motion_driver.o
    0x08003cd6   0x08003cd6   0x00000026   Code   RO         4096    i.dmp_set_tap_count  inv_mpu_dmp_motion_driver.o
    0x08003cfc   0x08003cfc   0x000001a0   Code   RO         4097    i.dmp_set_tap_thresh  inv_mpu_dmp_motion_driver.o
    0x08003e9c   0x08003e9c   0x00000026   Code   RO         4098    i.dmp_set_tap_time  inv_mpu_dmp_motion_driver.o
    0x08003ec2   0x08003ec2   0x00000026   Code   RO         4099    i.dmp_set_tap_time_multi  inv_mpu_dmp_motion_driver.o
    0x08003ee8   0x08003ee8   0x00000090   Code   RO          494    i.drv_delay_init    drv_delay.o
    0x08003f78   0x08003f78   0x00000050   Code   RO          495    i.drv_delay_ms      drv_delay.o
    0x08003fc8   0x08003fc8   0x00000044   Code   RO          496    i.drv_delay_us      drv_delay.o
    0x0800400c   0x0800400c   0x0000004c   Code   RO         3573    i.drv_led_init      drv_led.o
    0x08004058   0x08004058   0x000000d4   Code   RO         4440    i.drv_spi_init      drv_spi.o
    0x0800412c   0x0800412c   0x00000060   Code   RO         4441    i.drv_spi_read_write_byte  drv_spi.o
    0x0800418c   0x0800418c   0x0000008c   Code   RO          415    i.drv_uart_init     drv_uart.o
    0x08004218   0x08004218   0x00000030   Code   RO          417    i.drv_uart_tx_bytes  drv_uart.o
    0x08004248   0x08004248   0x0000001c   Code   RO          418    i.fputc             drv_uart.o
    0x08004264   0x08004264   0x000000b4   Code   RO         3745    i.get_accel_prod_shift  inv_mpu.o
    0x08004318   0x08004318   0x00000470   Code   RO         3746    i.get_st_biases     inv_mpu.o
    0x08004788   0x08004788   0x00000110   Code   RO         3747    i.gyro_self_test    inv_mpu.o
    0x08004898   0x08004898   0x00000028   Code   RO         3748    i.inv_orientation_matrix_to_scalar  inv_mpu.o
    0x080048c0   0x080048c0   0x0000004e   Code   RO         3749    i.inv_row_2_scale   inv_mpu.o
    0x0800490e   0x0800490e   0x00000002   PAD
    0x08004910   0x08004910   0x00000128   Code   RO            8    i.main              main.o
    0x08004a38   0x08004a38   0x0000006c   Code   RO         4886    i.malloc            mc_w.l(malloc.o)
    0x08004aa4   0x08004aa4   0x00000002   Code   RO         3750    i.mget_ms           inv_mpu.o
    0x08004aa6   0x08004aa6   0x00000002   PAD
    0x08004aa8   0x08004aa8   0x00000070   Code   RO         3751    i.mpu_configure_fifo  inv_mpu.o
    0x08004b18   0x08004b18   0x00000224   Code   RO         3752    i.mpu_dmp_get_data  inv_mpu.o
    0x08004d3c   0x08004d3c   0x000000a0   Code   RO         3753    i.mpu_dmp_init      inv_mpu.o
    0x08004ddc   0x08004ddc   0x0000004c   Code   RO         3754    i.mpu_get_accel_fsr  inv_mpu.o
    0x08004e28   0x08004e28   0x00000054   Code   RO         3756    i.mpu_get_accel_sens  inv_mpu.o
    0x08004e7c   0x08004e7c   0x00000010   Code   RO         3761    i.mpu_get_fifo_config  inv_mpu.o
    0x08004e8c   0x08004e8c   0x00000044   Code   RO         3762    i.mpu_get_gyro_fsr  inv_mpu.o
    0x08004ed0   0x08004ed0   0x00000050   Code   RO         3764    i.mpu_get_gyro_sens  inv_mpu.o
    0x08004f20   0x08004f20   0x00000050   Code   RO         3766    i.mpu_get_lpf       inv_mpu.o
    0x08004f70   0x08004f70   0x00000020   Code   RO         3768    i.mpu_get_sample_rate  inv_mpu.o
    0x08004f90   0x08004f90   0x000001f0   Code   RO         3770    i.mpu_init          inv_mpu.o
    0x08005180   0x08005180   0x000000b8   Code   RO         3771    i.mpu_load_firmware  inv_mpu.o
    0x08005238   0x08005238   0x000000e0   Code   RO         3772    i.mpu_lp_accel_mode  inv_mpu.o
    0x08005318   0x08005318   0x000000c0   Code   RO         3775    i.mpu_read_fifo_stream  inv_mpu.o
    0x080053d8   0x080053d8   0x00000080   Code   RO         3776    i.mpu_read_mem      inv_mpu.o
    0x08005458   0x08005458   0x000001c8   Code   RO         3779    i.mpu_reset_fifo    inv_mpu.o
    0x08005620   0x08005620   0x0000011c   Code   RO         3780    i.mpu_run_self_test  inv_mpu.o
    0x0800573c   0x0800573c   0x00000084   Code   RO         3782    i.mpu_set_accel_fsr  inv_mpu.o
    0x080057c0   0x080057c0   0x0000014c   Code   RO         3783    i.mpu_set_bypass    inv_mpu.o
    0x0800590c   0x0800590c   0x00000090   Code   RO         3785    i.mpu_set_dmp_state  inv_mpu.o
    0x0800599c   0x0800599c   0x00000088   Code   RO         3786    i.mpu_set_gyro_fsr  inv_mpu.o
    0x08005a24   0x08005a24   0x0000006c   Code   RO         3787    i.mpu_set_int_latched  inv_mpu.o
    0x08005a90   0x08005a90   0x00000084   Code   RO         3789    i.mpu_set_lpf       inv_mpu.o
    0x08005b14   0x08005b14   0x0000009c   Code   RO         3790    i.mpu_set_sample_rate  inv_mpu.o
    0x08005bb0   0x08005bb0   0x000000d0   Code   RO         3791    i.mpu_set_sensors   inv_mpu.o
    0x08005c80   0x08005c80   0x00000080   Code   RO         3792    i.mpu_write_mem     inv_mpu.o
    0x08005d00   0x08005d00   0x0000000c   Code   RO            9    i.newsReportInit    main.o
    0x08005d0c   0x08005d0c   0x00000014   Code   RO           10    i.pca9685Init       main.o
    0x08005d20   0x08005d20   0x00000034   Code   RO         4495    i.pca_write         pca9685.o
    0x08005d54   0x08005d54   0x00000094   Code   RO         3793    i.run_self_test     inv_mpu.o
    0x08005de8   0x08005de8   0x00000090   Code   RO         3794    i.set_int_enable    inv_mpu.o
    0x08005e78   0x08005e78   0x0000004c   Code   RO         4979    i.sqrt              m_ws.l(sqrt.o)
    0x08005ec4   0x08005ec4   0x0000003c   Code   RO           12    i.usart1_report_imu  main.o
    0x08005f00   0x08005f00   0x00000050   Data   RO         3796    .constdata          inv_mpu.o
    0x08005f50   0x08005f50   0x00000bf6   Data   RO         4101    .constdata          inv_mpu_dmp_motion_driver.o
    0x08006b46   0x08006b46   0x0000016b   Data   RO         4287    .constdata          drv_si4463.o
    0x08006cb1   0x08006cb1   0x00000007   PAD
    0x08006cb8   0x08006cb8   0x00000050   Data   RO         4595    .constdata          m_ws.l(asin.o)
    0x08006d08   0x08006d08   0x00000098   Data   RO         4951    .constdata          m_ws.l(atan.o)
    0x08006da0   0x08006da0   0x00000008   Data   RO         4977    .constdata          m_ws.l(qnan.o)
    0x08006da8   0x08006da8   0x0000004d   Data   RO         3797    .conststring        inv_mpu.o
    0x08006df5   0x08006df5   0x00000003   PAD
    0x08006df8   0x08006df8   0x00000020   Data   RO         5040    Region$$Table       anon$$obj.o


    Execution Region ER_RW (Exec base: 0x20000000, Load base: 0x08006e18, Size: 0x000000b0, Max: 0xffffffff, ABSOLUTE)

    Exec Addr    Load Addr    Size         Type   Attr      Idx    E Section Name        Object

    0x20000000   0x08006e18   0x00000031   Data   RW           14    .data               main.o
    0x20000031   0x08006e49   0x00000003   PAD
    0x20000034   0x08006e4c   0x00000014   Data   RW          328    .data               system_stm32f10x.o
    0x20000048   0x08006e60   0x00000004   Data   RW          361    .data               delay.o
    0x2000004c   0x08006e64   0x00000004   Data   RW          420    .data               drv_uart.o
    0x20000050   0x08006e68   0x00000014   Data   RW         2142    .data               stm32f10x_rcc.o
    0x20000064   0x08006e7c   0x00000035   Data   RW         3798    .data               inv_mpu.o
    0x20000099   0x08006eb1   0x00000003   PAD
    0x2000009c   0x08006eb4   0x00000006   Data   RW         4467    .data               encoder.o
    0x200000a2   0x08006eba   0x00000002   PAD
    0x200000a4   0x08006ebc   0x00000004   Data   RW         5014    .data               mc_w.l(mvars.o)
    0x200000a8   0x08006ec0   0x00000004   Data   RW         5015    .data               mc_w.l(mvars.o)
    0x200000ac   0x08006ec4   0x00000004   Data   RW         5019    .data               mc_w.l(errno.o)


    Execution Region ER_ZI (Exec base: 0x200000b0, Load base: 0x08006ec8, Size: 0x000006a0, Max: 0xffffffff, ABSOLUTE)

    Exec Addr    Load Addr    Size         Type   Attr      Idx    E Section Name        Object

    0x200000b0        -       0x00000089   Zero   RW           13    .bss                main.o
    0x20000139   0x08006ec8   0x00000003   PAD
    0x2000013c        -       0x00000010   Zero   RW         4100    .bss                inv_mpu_dmp_motion_driver.o
    0x2000014c   0x08006ec8   0x00000004   PAD
    0x20000150        -       0x00000200   Zero   RW          539    HEAP                startup_stm32f10x_hd.o
    0x20000350        -       0x00000400   Zero   RW          538    STACK               startup_stm32f10x_hd.o


==============================================================================

Image component sizes


      Code (inc. data)   RO Data    RW Data    ZI Data      Debug   Object Name

       220         26          0          4          0       1691   delay.o
       422         32          0          0          0       3780   dht11.o
       292          6          0          0          0       1599   drv_delay.o
        76          8          0          0          0        507   drv_led.o
      1198         52        363          0          0      11215   drv_si4463.o
       308         14          0          0          0       1301   drv_spi.o
       216         18          0          4          0       3510   drv_uart.o
        40          6          0          6          0        782   encoder.o
      6864        290        157         53          0      30960   inv_mpu.o
      3096        122       3062          0         16      20634   inv_mpu_dmp_motion_driver.o
      1366        350          0         49        137     284473   main.o
       172         22          0          0          0       2025   misc.o
       476         18          0          0          0       3989   mpu6050.o
       690        108          0          0          0       4786   mpuiic.o
       444         62          0          0          0       2605   myiic.o
        52          0          0          0          0        580   pca9685.o
        36          8        304          0       1536        784   startup_stm32f10x_hd.o
       286          0          0          0          0       3004   stm32f10x_gpio.o
        24          0          0          0          0       2130   stm32f10x_i2c.o
        26          0          0          0          0       3630   stm32f10x_it.o
       340         44          0         20          0       5512   stm32f10x_rcc.o
       190         12          0          0          0       3290   stm32f10x_spi.o
       630         62          0          0          0       8794   stm32f10x_tim.o
       422         28          0          0          0       4046   stm32f10x_usart.o
         0          0          0          0          0         32   sys.o
       328         28          0         20          0       2045   system_stm32f10x.o
       196         10          0          0          0        804   timer.o

    ----------------------------------------------------------------------
     18442       1326       3928        164       1696     408508   Object Totals
         0          0         32          0          0          0   (incl. Generated)
        32          0         10          8          7          0   (incl. Padding)

    ----------------------------------------------------------------------

      Code (inc. data)   RO Data    RW Data    ZI Data      Debug   Library Member Name

       624         52         80          0          0        168   asin.o
       544         70        152          0          0        124   atan.o
       384         38          0          0          0        144   atan2.o
        38          6          0          0          0        272   dunder.o
        40          0          0          0          0         68   fpclassify.o
       170          0          0          0          0         96   poly.o
         0          0          8          0          0          0   qnan.o
        76          0          0          0          0         84   sqrt.o
         0          0          0          0          0          0   entry.o
         0          0          0          0          0          0   entry10a.o
         0          0          0          0          0          0   entry11a.o
         8          4          0          0          0          0   entry2.o
         4          0          0          0          0          0   entry5.o
         0          0          0          0          0          0   entry7b.o
         0          0          0          0          0          0   entry8b.o
         8          4          0          0          0          0   entry9a.o
        12          6          0          4          0         68   errno.o
        30          0          0          0          0          0   handlers.o
        36          8          0          0          0         68   init.o
         0          0          0          0          0          0   iusefp.o
        98          0          0          0          0         84   ldiv.o
        30          0          0          0          0         68   llshl.o
        36          0          0          0          0         68   llsshr.o
        32          0          0          0          0         68   llushr.o
       108         16          0          0          0         84   malloc.o
        26          0          0          0          0         80   memcmp.o
        36          0          0          0          0        108   memseta.o
         0          0          0          8          0          0   mvars.o
      1154         54          0          0          0        352   printf8.o
        98          0          0          0          0         92   uldiv.o
        20          0          0          0          0         68   cfcmple.o
        20          0          0          0          0         68   cfrcmple.o
        56          0          0          0          0         88   d2f.o
       334          0          0          0          0        148   dadd.o
       222          0          0          0          0        100   ddiv.o
       186          0          0          0          0        176   depilogue.o
        34          0          0          0          0         76   dflti.o
       228          0          0          0          0         96   dmul.o
        46          0          0          0          0         80   dscalb.o
       162          0          0          0          0        100   dsqrt.o
        38          0          0          0          0         68   f2d.o
       176          0          0          0          0        140   fadd.o
       124          0          0          0          0         88   fdiv.o
       110          0          0          0          0        168   fepilogue.o
        50          0          0          0          0         68   ffixi.o
        40          0          0          0          0         68   ffixui.o
        18          0          0          0          0         68   fflti.o
        10          0          0          0          0         68   ffltui.o
       100          0          0          0          0         76   fmul.o

    ----------------------------------------------------------------------
      5574        258        240         12          0       3908   Library Totals
         8          0          0          0          0          0   (incl. Padding)

    ----------------------------------------------------------------------

      Code (inc. data)   RO Data    RW Data    ZI Data      Debug   Library Name

      1876        166        240          0          0        956   m_ws.l
      1716         92          0         12          0       1140   mc_w.l
      1974          0          0          0          0       1812   mf_w.l

    ----------------------------------------------------------------------
      5574        258        240         12          0       3908   Library Totals

    ----------------------------------------------------------------------

==============================================================================


      Code (inc. data)   RO Data    RW Data    ZI Data      Debug   

     24016       1584       4168        176       1696     401960   Grand Totals
     24016       1584       4168        176       1696     401960   ELF Image Totals
     24016       1584       4168        176          0          0   ROM Totals

==============================================================================

    Total RO  Size (Code + RO Data)                28184 (  27.52kB)
    Total RW  Size (RW Data + ZI Data)              1872 (   1.83kB)
    Total ROM Size (Code + RO Data + RW Data)      28360 (  27.70kB)

==============================================================================

